Archive member included to satisfy reference by file (symbol)

c:/ac6/systemworkbench/plugins/fr.ac6.mcu.externaltools.arm-none.win32_1.7.0.201602121829/tools/compiler/bin/../lib/gcc/arm-none-eabi/5.2.1/../../../../arm-none-eabi/lib/armv7e-m/fpu/fpv5-sp-d16\libc_nano.a(lib_a-exit.o)
                              c:/ac6/systemworkbench/plugins/fr.ac6.mcu.externaltools.arm-none.win32_1.7.0.201602121829/tools/compiler/bin/../lib/gcc/arm-none-eabi/5.2.1/../../../../arm-none-eabi/lib/armv7e-m/fpu/fpv5-sp-d16/crt0.o (exit)
c:/ac6/systemworkbench/plugins/fr.ac6.mcu.externaltools.arm-none.win32_1.7.0.201602121829/tools/compiler/bin/../lib/gcc/arm-none-eabi/5.2.1/../../../../arm-none-eabi/lib/armv7e-m/fpu/fpv5-sp-d16\libc_nano.a(lib_a-impure.o)
                              c:/ac6/systemworkbench/plugins/fr.ac6.mcu.externaltools.arm-none.win32_1.7.0.201602121829/tools/compiler/bin/../lib/gcc/arm-none-eabi/5.2.1/../../../../arm-none-eabi/lib/armv7e-m/fpu/fpv5-sp-d16\libc_nano.a(lib_a-exit.o) (_global_impure_ptr)
c:/ac6/systemworkbench/plugins/fr.ac6.mcu.externaltools.arm-none.win32_1.7.0.201602121829/tools/compiler/bin/../lib/gcc/arm-none-eabi/5.2.1/../../../../arm-none-eabi/lib/armv7e-m/fpu/fpv5-sp-d16\libc_nano.a(lib_a-init.o)
                              c:/ac6/systemworkbench/plugins/fr.ac6.mcu.externaltools.arm-none.win32_1.7.0.201602121829/tools/compiler/bin/../lib/gcc/arm-none-eabi/5.2.1/../../../../arm-none-eabi/lib/armv7e-m/fpu/fpv5-sp-d16/crt0.o (__libc_init_array)
c:/ac6/systemworkbench/plugins/fr.ac6.mcu.externaltools.arm-none.win32_1.7.0.201602121829/tools/compiler/bin/../lib/gcc/arm-none-eabi/5.2.1/../../../../arm-none-eabi/lib/armv7e-m/fpu/fpv5-sp-d16\libc_nano.a(lib_a-malloc.o)
                              ./Middlewares/USB_Device_Library/usbd_cdc.o (malloc)
c:/ac6/systemworkbench/plugins/fr.ac6.mcu.externaltools.arm-none.win32_1.7.0.201602121829/tools/compiler/bin/../lib/gcc/arm-none-eabi/5.2.1/../../../../arm-none-eabi/lib/armv7e-m/fpu/fpv5-sp-d16\libc_nano.a(lib_a-memset.o)
                              c:/ac6/systemworkbench/plugins/fr.ac6.mcu.externaltools.arm-none.win32_1.7.0.201602121829/tools/compiler/bin/../lib/gcc/arm-none-eabi/5.2.1/../../../../arm-none-eabi/lib/armv7e-m/fpu/fpv5-sp-d16/crt0.o (memset)
c:/ac6/systemworkbench/plugins/fr.ac6.mcu.externaltools.arm-none.win32_1.7.0.201602121829/tools/compiler/bin/../lib/gcc/arm-none-eabi/5.2.1/../../../../arm-none-eabi/lib/armv7e-m/fpu/fpv5-sp-d16\libc_nano.a(lib_a-nano-freer.o)
                              c:/ac6/systemworkbench/plugins/fr.ac6.mcu.externaltools.arm-none.win32_1.7.0.201602121829/tools/compiler/bin/../lib/gcc/arm-none-eabi/5.2.1/../../../../arm-none-eabi/lib/armv7e-m/fpu/fpv5-sp-d16\libc_nano.a(lib_a-malloc.o) (_free_r)
c:/ac6/systemworkbench/plugins/fr.ac6.mcu.externaltools.arm-none.win32_1.7.0.201602121829/tools/compiler/bin/../lib/gcc/arm-none-eabi/5.2.1/../../../../arm-none-eabi/lib/armv7e-m/fpu/fpv5-sp-d16\libc_nano.a(lib_a-nano-mallocr.o)
                              c:/ac6/systemworkbench/plugins/fr.ac6.mcu.externaltools.arm-none.win32_1.7.0.201602121829/tools/compiler/bin/../lib/gcc/arm-none-eabi/5.2.1/../../../../arm-none-eabi/lib/armv7e-m/fpu/fpv5-sp-d16\libc_nano.a(lib_a-malloc.o) (_malloc_r)
c:/ac6/systemworkbench/plugins/fr.ac6.mcu.externaltools.arm-none.win32_1.7.0.201602121829/tools/compiler/bin/../lib/gcc/arm-none-eabi/5.2.1/../../../../arm-none-eabi/lib/armv7e-m/fpu/fpv5-sp-d16\libc_nano.a(lib_a-sbrkr.o)
                              c:/ac6/systemworkbench/plugins/fr.ac6.mcu.externaltools.arm-none.win32_1.7.0.201602121829/tools/compiler/bin/../lib/gcc/arm-none-eabi/5.2.1/../../../../arm-none-eabi/lib/armv7e-m/fpu/fpv5-sp-d16\libc_nano.a(lib_a-nano-mallocr.o) (_sbrk_r)
c:/ac6/systemworkbench/plugins/fr.ac6.mcu.externaltools.arm-none.win32_1.7.0.201602121829/tools/compiler/bin/../lib/gcc/arm-none-eabi/5.2.1/../../../../arm-none-eabi/lib/armv7e-m/fpu/fpv5-sp-d16\libc_nano.a(lib_a-snprintf.o)
                              ./Application/User/main.o (snprintf)
c:/ac6/systemworkbench/plugins/fr.ac6.mcu.externaltools.arm-none.win32_1.7.0.201602121829/tools/compiler/bin/../lib/gcc/arm-none-eabi/5.2.1/../../../../arm-none-eabi/lib/armv7e-m/fpu/fpv5-sp-d16\libc_nano.a(lib_a-strlen.o)
                              ./Application/User/main.o (strlen)
c:/ac6/systemworkbench/plugins/fr.ac6.mcu.externaltools.arm-none.win32_1.7.0.201602121829/tools/compiler/bin/../lib/gcc/arm-none-eabi/5.2.1/../../../../arm-none-eabi/lib/armv7e-m/fpu/fpv5-sp-d16\libc_nano.a(lib_a-strncat.o)
                              ./Application/User/main.o (strncat)
c:/ac6/systemworkbench/plugins/fr.ac6.mcu.externaltools.arm-none.win32_1.7.0.201602121829/tools/compiler/bin/../lib/gcc/arm-none-eabi/5.2.1/../../../../arm-none-eabi/lib/armv7e-m/fpu/fpv5-sp-d16\libc_nano.a(lib_a-strncpy.o)
                              ./Application/User/main.o (strncpy)
[...]
Memory Configuration

Name             Origin             Length             Attributes
FLASH            0x08000000         0x00100000         xr
RAM              0x20000000         0x00050000         xrw
*default*        0x00000000         0xffffffff

Linker script and memory map

LOAD c:/ac6/systemworkbench/plugins/fr.ac6.mcu.externaltools.arm-none.win32_1.7.0.201602121829/tools/compiler/bin/../lib/gcc/arm-none-eabi/5.2.1/armv7e-m/fpu/fpv5-sp-d16/crti.o
LOAD c:/ac6/systemworkbench/plugins/fr.ac6.mcu.externaltools.arm-none.win32_1.7.0.201602121829/tools/compiler/bin/../lib/gcc/arm-none-eabi/5.2.1/armv7e-m/fpu/fpv5-sp-d16/crtbegin.o
LOAD c:/ac6/systemworkbench/plugins/fr.ac6.mcu.externaltools.arm-none.win32_1.7.0.201602121829/tools/compiler/bin/../lib/gcc/arm-none-eabi/5.2.1/../../../../arm-none-eabi/lib/armv7e-m/fpu/fpv5-sp-d16/crt0.o
LOAD c:/ac6/systemworkbench/plugins/fr.ac6.mcu.externaltools.arm-none.win32_1.7.0.201602121829/tools/compiler/bin/../lib/gcc/arm-none-eabi/5.2.1/../../../../arm-none-eabi/lib/armv7e-m/fpu/fpv5-sp-d16\libm.a
LOAD ./Middlewares/USB_Device_Library/usbd_cdc.o
LOAD ./Middlewares/USB_Device_Library/usbd_core.o
LOAD ./Middlewares/USB_Device_Library/usbd_ctlreq.o
LOAD ./Middlewares/USB_Device_Library/usbd_ioreq.o
LOAD ./Drivers/STM32F7xx_HAL_Driver/stm32f7xx_hal.o
LOAD ./Drivers/STM32F7xx_HAL_Driver/stm32f7xx_hal_cortex.o
LOAD ./Drivers/STM32F7xx_HAL_Driver/stm32f7xx_hal_dma.o
LOAD ./Drivers/STM32F7xx_HAL_Driver/stm32f7xx_hal_dma_ex.o
LOAD ./Drivers/STM32F7xx_HAL_Driver/stm32f7xx_hal_flash.o
LOAD ./Drivers/STM32F7xx_HAL_Driver/stm32f7xx_hal_flash_ex.o
LOAD ./Drivers/STM32F7xx_HAL_Driver/stm32f7xx_hal_gpio.o
LOAD ./Drivers/STM32F7xx_HAL_Driver/stm32f7xx_hal_i2c.o
LOAD ./Drivers/STM32F7xx_HAL_Driver/stm32f7xx_hal_i2c_ex.o
LOAD ./Drivers/STM32F7xx_HAL_Driver/stm32f7xx_hal_pcd.o
LOAD ./Drivers/STM32F7xx_HAL_Driver/stm32f7xx_hal_pcd_ex.o
LOAD ./Drivers/STM32F7xx_HAL_Driver/stm32f7xx_hal_pwr.o
LOAD ./Drivers/STM32F7xx_HAL_Driver/stm32f7xx_hal_pwr_ex.o
LOAD ./Drivers/STM32F7xx_HAL_Driver/stm32f7xx_hal_rcc.o
LOAD ./Drivers/STM32F7xx_HAL_Driver/stm32f7xx_hal_rcc_ex.o
LOAD ./Drivers/STM32F7xx_HAL_Driver/stm32f7xx_hal_tim.o
LOAD ./Drivers/STM32F7xx_HAL_Driver/stm32f7xx_hal_tim_ex.o
LOAD ./Drivers/STM32F7xx_HAL_Driver/stm32f7xx_ll_usb.o
LOAD ./Drivers/CMSIS/system_stm32f7xx.o
LOAD ./Application/User/main.o
LOAD ./Application/User/stm32f7xx_hal_msp.o
LOAD ./Application/User/stm32f7xx_it.o
LOAD ./Application/User/usb_device.o
LOAD ./Application/User/usbd_cdc_if.o
LOAD ./Application/User/usbd_conf.o
LOAD ./Application/User/usbd_desc.o
LOAD ./Application/SW4STM32/startup_stm32f756xx.o
START GROUP
LOAD c:/ac6/systemworkbench/plugins/fr.ac6.mcu.externaltools.arm-none.win32_1.7.0.201602121829/tools/compiler/bin/../lib/gcc/arm-none-eabi/5.2.1/armv7e-m/fpu/fpv5-sp-d16\libgcc.a
LOAD c:/ac6/systemworkbench/plugins/fr.ac6.mcu.externaltools.arm-none.win32_1.7.0.201602121829/tools/compiler/bin/../lib/gcc/arm-none-eabi/5.2.1/../../../../arm-none-eabi/lib/armv7e-m/fpu/fpv5-sp-d16\libc_nano.a
END GROUP
START GROUP
LOAD c:/ac6/systemworkbench/plugins/fr.ac6.mcu.externaltools.arm-none.win32_1.7.0.201602121829/tools/compiler/bin/../lib/gcc/arm-none-eabi/5.2.1/armv7e-m/fpu/fpv5-sp-d16\libgcc.a
LOAD c:/ac6/systemworkbench/plugins/fr.ac6.mcu.externaltools.arm-none.win32_1.7.0.201602121829/tools/compiler/bin/../lib/gcc/arm-none-eabi/5.2.1/../../../../arm-none-eabi/lib/armv7e-m/fpu/fpv5-sp-d16\libc_nano.a
LOAD c:/ac6/systemworkbench/plugins/fr.ac6.mcu.externaltools.arm-none.win32_1.7.0.201602121829/tools/compiler/bin/../lib/gcc/arm-none-eabi/5.2.1/../../../../arm-none-eabi/lib/armv7e-m/fpu/fpv5-sp-d16\libnosys.a
END GROUP
START GROUP
LOAD c:/ac6/systemworkbench/plugins/fr.ac6.mcu.externaltools.arm-none.win32_1.7.0.201602121829/tools/compiler/bin/../lib/gcc/arm-none-eabi/5.2.1/armv7e-m/fpu/fpv5-sp-d16\libgcc.a
LOAD c:/ac6/systemworkbench/plugins/fr.ac6.mcu.externaltools.arm-none.win32_1.7.0.201602121829/tools/compiler/bin/../lib/gcc/arm-none-eabi/5.2.1/../../../../arm-none-eabi/lib/armv7e-m/fpu/fpv5-sp-d16\libc_nano.a
LOAD c:/ac6/systemworkbench/plugins/fr.ac6.mcu.externaltools.arm-none.win32_1.7.0.201602121829/tools/compiler/bin/../lib/gcc/arm-none-eabi/5.2.1/../../../../arm-none-eabi/lib/armv7e-m/fpu/fpv5-sp-d16\libnosys.a
END GROUP
LOAD c:/ac6/systemworkbench/plugins/fr.ac6.mcu.externaltools.arm-none.win32_1.7.0.201602121829/tools/compiler/bin/../lib/gcc/arm-none-eabi/5.2.1/armv7e-m/fpu/fpv5-sp-d16/crtend.o
LOAD c:/ac6/systemworkbench/plugins/fr.ac6.mcu.externaltools.arm-none.win32_1.7.0.201602121829/tools/compiler/bin/../lib/gcc/arm-none-eabi/5.2.1/armv7e-m/fpu/fpv5-sp-d16/crtn.o
                0x20050000                _estack = 0x20050000
                0x00000000                _Min_Heap_Size = 0x0
                0x00000000                _Min_Stack_Size = 0x0

.isr_vector     0x08000000      0x1c8
                0x08000000                . = ALIGN (0x4)
 *(.isr_vector)
 .isr_vector    0x08000000      0x1c8 ./Application/SW4STM32/startup_stm32f756xx.o
                0x08000000                g_pfnVectors
                0x080001c8                . = ALIGN (0x4)

.text           0x080001c8     0x6d0c
                0x080001c8                . = ALIGN (0x4)
 *(.text)
 .text          0x080001c8       0xa4 c:/ac6/systemworkbench/plugins/fr.ac6.mcu.externaltools.arm-none.win32_1.7.0.201602121829/tools/compiler/bin/../lib/gcc/arm-none-eabi/5.2.1/armv7e-m/fpu/fpv5-sp-d16/crtbegin.o
 *(.text*)
 .text.USBD_CDC_Init
                0x0800026c       0xd4 ./Middlewares/USB_Device_Library/usbd_cdc.o
 .text.USBD_CDC_DeInit
                0x08000340       0x64 ./Middlewares/USB_Device_Library/usbd_cdc.o
 .text.USBD_CDC_Setup
                0x080003a4       0xc0 ./Middlewares/USB_Device_Library/usbd_cdc.o
 .text.USBD_CDC_DataIn
                0x08000464       0x38 ./Middlewares/USB_Device_Library/usbd_cdc.o
 .text.USBD_CDC_DataOut
                0x0800049c       0x58 ./Middlewares/USB_Device_Library/usbd_cdc.o
 .text.USBD_CDC_EP0_RxReady
                0x080004f4       0x50 ./Middlewares/USB_Device_Library/usbd_cdc.o
 .text.USBD_CDC_GetFSCfgDesc
                0x08000544       0x20 ./Middlewares/USB_Device_Library/usbd_cdc.o
 .text.USBD_CDC_GetHSCfgDesc
                0x08000564       0x20 ./Middlewares/USB_Device_Library/usbd_cdc.o
 .text.USBD_CDC_GetOtherSpeedCfgDesc
                0x08000584       0x20 ./Middlewares/USB_Device_Library/usbd_cdc.o
 .text.USBD_CDC_GetDeviceQualifierDescriptor
                0x080005a4       0x20 ./Middlewares/USB_Device_Library/usbd_cdc.o
                0x080005a4                USBD_CDC_GetDeviceQualifierDescriptor
 .text.USBD_CDC_RegisterInterface
                0x080005c4       0x30 ./Middlewares/USB_Device_Library/usbd_cdc.o
                0x080005c4                USBD_CDC_RegisterInterface
 .text.USBD_CDC_SetTxBuffer
                0x080005f4       0x34 ./Middlewares/USB_Device_Library/usbd_cdc.o
                0x080005f4                USBD_CDC_SetTxBuffer
 .text.USBD_CDC_SetRxBuffer
                0x08000628       0x28 ./Middlewares/USB_Device_Library/usbd_cdc.o
                0x08000628                USBD_CDC_SetRxBuffer
 .text.USBD_CDC_TransmitPacket
                0x08000650       0x7c ./Middlewares/USB_Device_Library/usbd_cdc.o
                0x08000650                USBD_CDC_TransmitPacket
 .text.USBD_CDC_ReceivePacket
                0x080006cc       0x54 ./Middlewares/USB_Device_Library/usbd_cdc.o
                0x080006cc                USBD_CDC_ReceivePacket
 .text.USBD_Init
                0x08000720       0x58 ./Middlewares/USB_Device_Library/usbd_core.o
                0x08000720                USBD_Init
 .text.USBD_RegisterClass
                0x08000778       0x34 ./Middlewares/USB_Device_Library/usbd_core.o
                0x08000778                USBD_RegisterClass
 .text.USBD_Start
                0x080007ac       0x18 ./Middlewares/USB_Device_Library/usbd_core.o
                0x080007ac                USBD_Start
 .text.USBD_RunTestMode
                0x080007c4       0x18 ./Middlewares/USB_Device_Library/usbd_core.o
                0x080007c4                USBD_RunTestMode
 .text.USBD_SetClassConfig
                0x080007dc       0x40 ./Middlewares/USB_Device_Library/usbd_core.o
                0x080007dc                USBD_SetClassConfig
 .text.USBD_ClrClassConfig
                0x0800081c       0x28 ./Middlewares/USB_Device_Library/usbd_core.o
                0x0800081c                USBD_ClrClassConfig
 .text.USBD_LL_SetupStage
                0x08000844       0x94 ./Middlewares/USB_Device_Library/usbd_core.o
                0x08000844                USBD_LL_SetupStage
 .text.USBD_LL_DataOutStage
                0x080008d8       0xb8 ./Middlewares/USB_Device_Library/usbd_core.o
                0x080008d8                USBD_LL_DataOutStage
 .text.USBD_LL_DataInStage
                0x08000990      0x120 ./Middlewares/USB_Device_Library/usbd_core.o
                0x08000990                USBD_LL_DataInStage
 .text.USBD_LL_Reset
                0x08000ab0       0x60 ./Middlewares/USB_Device_Library/usbd_core.o
                0x08000ab0                USBD_LL_Reset
 .text.USBD_LL_SetSpeed
                0x08000b10       0x20 ./Middlewares/USB_Device_Library/usbd_core.o
                0x08000b10                USBD_LL_SetSpeed
 .text.USBD_LL_Suspend
                0x08000b30       0x2c ./Middlewares/USB_Device_Library/usbd_core.o
                0x08000b30                USBD_LL_Suspend
 .text.USBD_LL_Resume
                0x08000b5c       0x24 ./Middlewares/USB_Device_Library/usbd_core.o
                0x08000b5c                USBD_LL_Resume
 .text.USBD_LL_SOF
                0x08000b80       0x34 ./Middlewares/USB_Device_Library/usbd_core.o
                0x08000b80                USBD_LL_SOF
 .text.USBD_LL_IsoINIncomplete
                0x08000bb4       0x1c ./Middlewares/USB_Device_Library/usbd_core.o
                0x08000bb4                USBD_LL_IsoINIncomplete
 .text.USBD_LL_IsoOUTIncomplete
                0x08000bd0       0x1c ./Middlewares/USB_Device_Library/usbd_core.o
                0x08000bd0                USBD_LL_IsoOUTIncomplete
 .text.USBD_LL_DevConnected
                0x08000bec       0x18 ./Middlewares/USB_Device_Library/usbd_core.o
                0x08000bec                USBD_LL_DevConnected
 .text.USBD_LL_DevDisconnected
                0x08000c04       0x30 ./Middlewares/USB_Device_Library/usbd_core.o
                0x08000c04                USBD_LL_DevDisconnected
 .text.USBD_StdDevReq
                0x08000c34       0xa0 ./Middlewares/USB_Device_Library/usbd_ctlreq.o
                0x08000c34                USBD_StdDevReq
 .text.USBD_StdItfReq
                0x08000cd4       0x68 ./Middlewares/USB_Device_Library/usbd_ctlreq.o
                0x08000cd4                USBD_StdItfReq
 .text.USBD_StdEPReq
                0x08000d3c      0x1b0 ./Middlewares/USB_Device_Library/usbd_ctlreq.o
                0x08000d3c                USBD_StdEPReq
 .text.USBD_GetDescriptor
                0x08000eec      0x220 ./Middlewares/USB_Device_Library/usbd_ctlreq.o
 .text.USBD_SetAddress
                0x0800110c       0x7c ./Middlewares/USB_Device_Library/usbd_ctlreq.o
 .text.USBD_SetConfig
                0x08001188      0x110 ./Middlewares/USB_Device_Library/usbd_ctlreq.o
 .text.USBD_GetConfig
                0x08001298       0x64 ./Middlewares/USB_Device_Library/usbd_ctlreq.o
 .text.USBD_GetStatus
                0x080012fc       0x54 ./Middlewares/USB_Device_Library/usbd_ctlreq.o
 .text.USBD_SetFeature
                0x08001350       0x38 ./Middlewares/USB_Device_Library/usbd_ctlreq.o
 .text.USBD_ClrFeature
                0x08001388       0x50 ./Middlewares/USB_Device_Library/usbd_ctlreq.o
 .text.USBD_ParseSetupRequest
                0x080013d8       0x7c ./Middlewares/USB_Device_Library/usbd_ctlreq.o
                0x080013d8                USBD_ParseSetupRequest
 .text.USBD_CtlError
                0x08001454       0x24 ./Middlewares/USB_Device_Library/usbd_ctlreq.o
                0x08001454                USBD_CtlError
 .text.USBD_GetString
                0x08001478       0x88 ./Middlewares/USB_Device_Library/usbd_ctlreq.o
                0x08001478                USBD_GetString
 .text.USBD_GetLen
                0x08001500       0x30 ./Middlewares/USB_Device_Library/usbd_ctlreq.o
 .text.USBD_CtlSendData
                0x08001530       0x38 ./Middlewares/USB_Device_Library/usbd_ioreq.o
                0x08001530                USBD_CtlSendData
 .text.USBD_CtlContinueSendData
                0x08001568       0x24 ./Middlewares/USB_Device_Library/usbd_ioreq.o
                0x08001568                USBD_CtlContinueSendData
 .text.USBD_CtlPrepareRx
                0x0800158c       0x3c ./Middlewares/USB_Device_Library/usbd_ioreq.o
                0x0800158c                USBD_CtlPrepareRx
 .text.USBD_CtlContinueRx
                0x080015c8       0x24 ./Middlewares/USB_Device_Library/usbd_ioreq.o
                0x080015c8                USBD_CtlContinueRx
 .text.USBD_CtlSendStatus
                0x080015ec       0x28 ./Middlewares/USB_Device_Library/usbd_ioreq.o
                0x080015ec                USBD_CtlSendStatus
 .text.USBD_CtlReceiveStatus
                0x08001614       0x28 ./Middlewares/USB_Device_Library/usbd_ioreq.o
                0x08001614                USBD_CtlReceiveStatus
 .text.HAL_Init
                0x0800163c       0x1c ./Drivers/STM32F7xx_HAL_Driver/stm32f7xx_hal.o
                0x0800163c                HAL_Init
 .text.HAL_InitTick
                0x08001658       0x38 ./Drivers/STM32F7xx_HAL_Driver/stm32f7xx_hal.o
                0x08001658                HAL_InitTick
 .text.HAL_IncTick
                0x08001690       0x1c ./Drivers/STM32F7xx_HAL_Driver/stm32f7xx_hal.o
                0x08001690                HAL_IncTick
 .text.HAL_GetTick
                0x080016ac       0x18 ./Drivers/STM32F7xx_HAL_Driver/stm32f7xx_hal.o
                0x080016ac                HAL_GetTick
 .text.HAL_Delay
                0x080016c4       0x2c ./Drivers/STM32F7xx_HAL_Driver/stm32f7xx_hal.o
                0x080016c4                HAL_Delay
 .text.NVIC_SetPriorityGrouping
                0x080016f0       0x48 ./Drivers/STM32F7xx_HAL_Driver/stm32f7xx_hal_cortex.o
 .text.NVIC_GetPriorityGrouping
                0x08001738       0x1c ./Drivers/STM32F7xx_HAL_Driver/stm32f7xx_hal_cortex.o
 .text.NVIC_EnableIRQ
                0x08001754       0x34 ./Drivers/STM32F7xx_HAL_Driver/stm32f7xx_hal_cortex.o
 .text.NVIC_SetPriority
                0x08001788       0x54 ./Drivers/STM32F7xx_HAL_Driver/stm32f7xx_hal_cortex.o
 .text.NVIC_EncodePriority
                0x080017dc       0x64 ./Drivers/STM32F7xx_HAL_Driver/stm32f7xx_hal_cortex.o
 .text.SysTick_Config
                0x08001840       0x44 ./Drivers/STM32F7xx_HAL_Driver/stm32f7xx_hal_cortex.o
 .text.HAL_NVIC_SetPriorityGrouping
                0x08001884       0x18 ./Drivers/STM32F7xx_HAL_Driver/stm32f7xx_hal_cortex.o
                0x08001884                HAL_NVIC_SetPriorityGrouping
 .text.HAL_NVIC_SetPriority
                0x0800189c       0x38 ./Drivers/STM32F7xx_HAL_Driver/stm32f7xx_hal_cortex.o
                0x0800189c                HAL_NVIC_SetPriority
 .text.HAL_NVIC_EnableIRQ
                0x080018d4       0x1c ./Drivers/STM32F7xx_HAL_Driver/stm32f7xx_hal_cortex.o
                0x080018d4                HAL_NVIC_EnableIRQ
 .text.HAL_SYSTICK_Config
                0x080018f0       0x18 ./Drivers/STM32F7xx_HAL_Driver/stm32f7xx_hal_cortex.o
                0x080018f0                HAL_SYSTICK_Config
 .text.HAL_SYSTICK_CLKSourceConfig
                0x08001908       0x38 ./Drivers/STM32F7xx_HAL_Driver/stm32f7xx_hal_cortex.o
                0x08001908                HAL_SYSTICK_CLKSourceConfig
 .text.HAL_SYSTICK_IRQHandler
                0x08001940        0xc ./Drivers/STM32F7xx_HAL_Driver/stm32f7xx_hal_cortex.o
                0x08001940                HAL_SYSTICK_IRQHandler
 .text.HAL_SYSTICK_Callback
                0x0800194c       0x10 ./Drivers/STM32F7xx_HAL_Driver/stm32f7xx_hal_cortex.o
                0x0800194c                HAL_SYSTICK_Callback
 .text.HAL_GPIO_Init
                0x0800195c      0x354 ./Drivers/STM32F7xx_HAL_Driver/stm32f7xx_hal_gpio.o
                0x0800195c                HAL_GPIO_Init
 .text.HAL_GPIO_WritePin
                0x08001cb0       0x34 ./Drivers/STM32F7xx_HAL_Driver/stm32f7xx_hal_gpio.o
                0x08001cb0                HAL_GPIO_WritePin
 .text.HAL_I2C_Init
                0x08001ce4      0x108 ./Drivers/STM32F7xx_HAL_Driver/stm32f7xx_hal_i2c.o
                0x08001ce4                HAL_I2C_Init
 .text.HAL_I2CEx_ConfigAnalogFilter
                0x08001dec       0xc8 ./Drivers/STM32F7xx_HAL_Driver/stm32f7xx_hal_i2c_ex.o
                0x08001dec                HAL_I2CEx_ConfigAnalogFilter
 .text.HAL_PCD_Init
                0x08001eb4      0x214 ./Drivers/STM32F7xx_HAL_Driver/stm32f7xx_hal_pcd.o
                0x08001eb4                HAL_PCD_Init
 .text.HAL_PCD_Start
                0x080020c8       0x44 ./Drivers/STM32F7xx_HAL_Driver/stm32f7xx_hal_pcd.o
                0x080020c8                HAL_PCD_Start
 .text.HAL_PCD_IRQHandler
                0x0800210c      0x7c8 ./Drivers/STM32F7xx_HAL_Driver/stm32f7xx_hal_pcd.o
                0x0800210c                HAL_PCD_IRQHandler
 .text.HAL_PCD_SetAddress
                0x080028d4       0x44 ./Drivers/STM32F7xx_HAL_Driver/stm32f7xx_hal_pcd.o
                0x080028d4                HAL_PCD_SetAddress
 .text.HAL_PCD_EP_Open
                0x08002918       0xd0 ./Drivers/STM32F7xx_HAL_Driver/stm32f7xx_hal_pcd.o
                0x08002918                HAL_PCD_EP_Open
 .text.HAL_PCD_EP_Close
                0x080029e8       0x94 ./Drivers/STM32F7xx_HAL_Driver/stm32f7xx_hal_pcd.o
                0x080029e8                HAL_PCD_EP_Close
 .text.HAL_PCD_EP_Receive
                0x08002a7c       0xb4 ./Drivers/STM32F7xx_HAL_Driver/stm32f7xx_hal_pcd.o
                0x08002a7c                HAL_PCD_EP_Receive
 .text.HAL_PCD_EP_GetRxCount
                0x08002b30       0x34 ./Drivers/STM32F7xx_HAL_Driver/stm32f7xx_hal_pcd.o
                0x08002b30                HAL_PCD_EP_GetRxCount
 .text.HAL_PCD_EP_Transmit
                0x08002b64       0xb4 ./Drivers/STM32F7xx_HAL_Driver/stm32f7xx_hal_pcd.o
                0x08002b64                HAL_PCD_EP_Transmit
 .text.HAL_PCD_EP_SetStall
                0x08002c18       0xb4 ./Drivers/STM32F7xx_HAL_Driver/stm32f7xx_hal_pcd.o
                0x08002c18                HAL_PCD_EP_SetStall
 .text.HAL_PCD_EP_ClrStall
                0x08002ccc       0x94 ./Drivers/STM32F7xx_HAL_Driver/stm32f7xx_hal_pcd.o
                0x08002ccc                HAL_PCD_EP_ClrStall
 .text.PCD_WriteEmptyTxFifo
                0x08002d60      0x114 ./Drivers/STM32F7xx_HAL_Driver/stm32f7xx_hal_pcd.o
 .text.HAL_PCDEx_SetTxFiFo
                0x08002e74       0x9c ./Drivers/STM32F7xx_HAL_Driver/stm32f7xx_hal_pcd_ex.o
                0x08002e74                HAL_PCDEx_SetTxFiFo
 .text.HAL_PCDEx_SetRxFiFo
                0x08002f10       0x24 ./Drivers/STM32F7xx_HAL_Driver/stm32f7xx_hal_pcd_ex.o
                0x08002f10                HAL_PCDEx_SetRxFiFo
 .text.HAL_PCDEx_ActivateLPM
                0x08002f34       0x48 ./Drivers/STM32F7xx_HAL_Driver/stm32f7xx_hal_pcd_ex.o
                0x08002f34                HAL_PCDEx_ActivateLPM
 .text.HAL_RCC_OscConfig
                0x08002f7c      0x5b0 ./Drivers/STM32F7xx_HAL_Driver/stm32f7xx_hal_rcc.o
                0x08002f7c                HAL_RCC_OscConfig
 .text.HAL_RCC_ClockConfig
                0x0800352c      0x2c4 ./Drivers/STM32F7xx_HAL_Driver/stm32f7xx_hal_rcc.o
                0x0800352c                HAL_RCC_ClockConfig
 .text.HAL_RCC_GetSysClockFreq
                0x080037f0       0xfc ./Drivers/STM32F7xx_HAL_Driver/stm32f7xx_hal_rcc.o
                0x080037f0                HAL_RCC_GetSysClockFreq
 .text.HAL_RCC_GetHCLKFreq
                0x080038ec       0x50 ./Drivers/STM32F7xx_HAL_Driver/stm32f7xx_hal_rcc.o
                0x080038ec                HAL_RCC_GetHCLKFreq
 .text.HAL_RCCEx_PeriphCLKConfig
                0x0800393c      0x8d4 ./Drivers/STM32F7xx_HAL_Driver/stm32f7xx_hal_rcc_ex.o
                0x0800393c                HAL_RCCEx_PeriphCLKConfig
 .text.USB_CoreInit
                0x08004210       0xa4 ./Drivers/STM32F7xx_HAL_Driver/stm32f7xx_ll_usb.o
                0x08004210                USB_CoreInit
 .text.USB_EnableGlobalInt
                0x080042b4       0x24 ./Drivers/STM32F7xx_HAL_Driver/stm32f7xx_ll_usb.o
                0x080042b4                USB_EnableGlobalInt
 .text.USB_DisableGlobalInt
                0x080042d8       0x24 ./Drivers/STM32F7xx_HAL_Driver/stm32f7xx_ll_usb.o
                0x080042d8                USB_DisableGlobalInt
 .text.USB_SetCurrentMode
                0x080042fc       0x50 ./Drivers/STM32F7xx_HAL_Driver/stm32f7xx_ll_usb.o
                0x080042fc                USB_SetCurrentMode
 .text.USB_DevInit
                0x0800434c      0x270 ./Drivers/STM32F7xx_HAL_Driver/stm32f7xx_ll_usb.o
                0x0800434c                USB_DevInit
 .text.USB_FlushTxFifo
                0x080045bc       0x4c ./Drivers/STM32F7xx_HAL_Driver/stm32f7xx_ll_usb.o
                0x080045bc                USB_FlushTxFifo
 .text.USB_FlushRxFifo
                0x08004608       0x44 ./Drivers/STM32F7xx_HAL_Driver/stm32f7xx_ll_usb.o
                0x08004608                USB_FlushRxFifo
 .text.USB_SetDevSpeed
                0x0800464c       0x30 ./Drivers/STM32F7xx_HAL_Driver/stm32f7xx_ll_usb.o
                0x0800464c                USB_SetDevSpeed
 .text.USB_GetDevSpeed
                0x0800467c       0x6c ./Drivers/STM32F7xx_HAL_Driver/stm32f7xx_ll_usb.o
                0x0800467c                USB_GetDevSpeed
 .text.USB_ActivateEndpoint
                0x080046e8      0x110 ./Drivers/STM32F7xx_HAL_Driver/stm32f7xx_ll_usb.o
                0x080046e8                USB_ActivateEndpoint
 .text.USB_DeactivateEndpoint
                0x080047f8       0xf8 ./Drivers/STM32F7xx_HAL_Driver/stm32f7xx_ll_usb.o
                0x080047f8                USB_DeactivateEndpoint
 .text.USB_EPStartXfer
                0x080048f0      0x488 ./Drivers/STM32F7xx_HAL_Driver/stm32f7xx_ll_usb.o
                0x080048f0                USB_EPStartXfer
 .text.USB_EP0StartXfer
                0x08004d78      0x2b8 ./Drivers/STM32F7xx_HAL_Driver/stm32f7xx_ll_usb.o
                0x08004d78                USB_EP0StartXfer
 .text.USB_WritePacket
                0x08005030       0x70 ./Drivers/STM32F7xx_HAL_Driver/stm32f7xx_ll_usb.o
                0x08005030                USB_WritePacket
 .text.USB_ReadPacket
                0x080050a0       0x54 ./Drivers/STM32F7xx_HAL_Driver/stm32f7xx_ll_usb.o
                0x080050a0                USB_ReadPacket
 .text.USB_EPSetStall
                0x080050f4       0xe4 ./Drivers/STM32F7xx_HAL_Driver/stm32f7xx_ll_usb.o
                0x080050f4                USB_EPSetStall
 .text.USB_EPClearStall
                0x080051d8       0xdc ./Drivers/STM32F7xx_HAL_Driver/stm32f7xx_ll_usb.o
                0x080051d8                USB_EPClearStall
 .text.USB_SetDevAddress
                0x080052b4       0x4c ./Drivers/STM32F7xx_HAL_Driver/stm32f7xx_ll_usb.o
                0x080052b4                USB_SetDevAddress
 .text.USB_DevConnect
                0x08005300       0x30 ./Drivers/STM32F7xx_HAL_Driver/stm32f7xx_ll_usb.o
                0x08005300                USB_DevConnect
 .text.USB_DevDisconnect
                0x08005330       0x30 ./Drivers/STM32F7xx_HAL_Driver/stm32f7xx_ll_usb.o
                0x08005330                USB_DevDisconnect
 .text.USB_ReadInterrupts
                0x08005360       0x2c ./Drivers/STM32F7xx_HAL_Driver/stm32f7xx_ll_usb.o
                0x08005360                USB_ReadInterrupts
 .text.USB_ReadDevAllOutEpInterrupt
                0x0800538c       0x30 ./Drivers/STM32F7xx_HAL_Driver/stm32f7xx_ll_usb.o
                0x0800538c                USB_ReadDevAllOutEpInterrupt
 .text.USB_ReadDevAllInEpInterrupt
                0x080053bc       0x30 ./Drivers/STM32F7xx_HAL_Driver/stm32f7xx_ll_usb.o
                0x080053bc                USB_ReadDevAllInEpInterrupt
 .text.USB_ReadDevOutEPInterrupt
                0x080053ec       0x38 ./Drivers/STM32F7xx_HAL_Driver/stm32f7xx_ll_usb.o
                0x080053ec                USB_ReadDevOutEPInterrupt
 .text.USB_ReadDevInEPInterrupt
                0x08005424       0x54 ./Drivers/STM32F7xx_HAL_Driver/stm32f7xx_ll_usb.o
                0x08005424                USB_ReadDevInEPInterrupt
 .text.USB_GetMode
                0x08005478       0x1c ./Drivers/STM32F7xx_HAL_Driver/stm32f7xx_ll_usb.o
                0x08005478                USB_GetMode
 .text.USB_ActivateSetup
                0x08005494       0x6c ./Drivers/STM32F7xx_HAL_Driver/stm32f7xx_ll_usb.o
                0x08005494                USB_ActivateSetup
 .text.USB_EP0_OutStart
                0x08005500       0x8c ./Drivers/STM32F7xx_HAL_Driver/stm32f7xx_ll_usb.o
                0x08005500                USB_EP0_OutStart
 .text.USB_CoreReset
                0x0800558c       0x68 ./Drivers/STM32F7xx_HAL_Driver/stm32f7xx_ll_usb.o
 .text.SystemInit
                0x080055f4       0x6c ./Drivers/CMSIS/system_stm32f7xx.o
                0x080055f4                SystemInit
 .text.SCB_EnableICache
                0x08005660       0x38 ./Application/User/main.o
 .text.SCB_EnableDCache
                0x08005698       0xa0 ./Application/User/main.o
 .text.main     0x08005738       0x7c ./Application/User/main.o
                0x08005738                main
 .text.SystemClock_Config
                0x080057b4       0xf0 ./Application/User/main.o
                0x080057b4                SystemClock_Config
 .text.MX_I2C1_Init
                0x080058a4       0x58 ./Application/User/main.o
 .text.MX_GPIO_Init
                0x080058fc      0x8f0 ./Application/User/main.o
 .text.CPU_CACHE_Enable
                0x080061ec       0x10 ./Application/User/main.o
 .text.HAL_MspInit
                0x080061fc       0x1c ./Application/User/stm32f7xx_hal_msp.o
                0x080061fc                HAL_MspInit
 .text.HAL_I2C_MspInit
                0x08006218       0x60 ./Application/User/stm32f7xx_hal_msp.o
                0x08006218                HAL_I2C_MspInit
 .text.SysTick_Handler
                0x08006278       0x10 ./Application/User/stm32f7xx_it.o
                0x08006278                SysTick_Handler
 .text.OTG_FS_IRQHandler
                0x08006288       0x14 ./Application/User/stm32f7xx_it.o
                0x08006288                OTG_FS_IRQHandler
 .text.MX_USB_DEVICE_Init
                0x0800629c       0x38 ./Application/User/usb_device.o
                0x0800629c                MX_USB_DEVICE_Init
 .text.CDC_Init_FS
                0x080062d4       0x3c ./Application/User/usbd_cdc_if.o
 .text.CDC_DeInit_FS
                0x08006310       0x14 ./Application/User/usbd_cdc_if.o
 .text.CDC_Control_FS
                0x08006324      0x148 ./Application/User/usbd_cdc_if.o
 .text.CDC_Receive_FS
                0x0800646c       0x34 ./Application/User/usbd_cdc_if.o
 .text.CDC_Transmit_FS
                0x080064a0       0x48 ./Application/User/usbd_cdc_if.o
                0x080064a0                CDC_Transmit_FS
 .text.IsUSBTxReady
                0x080064e8       0x4c ./Application/User/usbd_cdc_if.o
                0x080064e8                IsUSBTxReady
 .text.SetDataArrived
                0x08006534       0x30 ./Application/User/usbd_cdc_if.o
                0x08006534                SetDataArrived
 .text.GetDataArrived
                0x08006564       0x18 ./Application/User/usbd_cdc_if.o
                0x08006564                GetDataArrived
 .text.GetDataPtr
                0x0800657c       0x18 ./Application/User/usbd_cdc_if.o
                0x0800657c                GetDataPtr
 .text.HAL_PCD_MspInit
                0x08006594       0x84 ./Application/User/usbd_conf.o
                0x08006594                HAL_PCD_MspInit
 .text.HAL_PCD_SetupStageCallback
                0x08006618       0x24 ./Application/User/usbd_conf.o
                0x08006618                HAL_PCD_SetupStageCallback
 .text.HAL_PCD_DataOutStageCallback
                0x0800663c       0x38 ./Application/User/usbd_conf.o
                0x0800663c                HAL_PCD_DataOutStageCallback
 .text.HAL_PCD_DataInStageCallback
                0x08006674       0x34 ./Application/User/usbd_conf.o
                0x08006674                HAL_PCD_DataInStageCallback
 .text.HAL_PCD_SOFCallback
                0x080066a8       0x1c ./Application/User/usbd_conf.o
                0x080066a8                HAL_PCD_SOFCallback
 .text.HAL_PCD_ResetCallback
                0x080066c4       0x50 ./Application/User/usbd_conf.o
                0x080066c4                HAL_PCD_ResetCallback
 .text.HAL_PCD_SuspendCallback
                0x08006714       0x50 ./Application/User/usbd_conf.o
                0x08006714                HAL_PCD_SuspendCallback
 .text.HAL_PCD_ResumeCallback
                0x08006764       0x1c ./Application/User/usbd_conf.o
                0x08006764                HAL_PCD_ResumeCallback
 .text.HAL_PCD_ISOOUTIncompleteCallback
                0x08006780       0x24 ./Application/User/usbd_conf.o
                0x08006780                HAL_PCD_ISOOUTIncompleteCallback
 .text.HAL_PCD_ISOINIncompleteCallback
                0x080067a4       0x24 ./Application/User/usbd_conf.o
                0x080067a4                HAL_PCD_ISOINIncompleteCallback
 .text.HAL_PCD_ConnectCallback
                0x080067c8       0x1c ./Application/User/usbd_conf.o
                0x080067c8                HAL_PCD_ConnectCallback
 .text.HAL_PCD_DisconnectCallback
                0x080067e4       0x1c ./Application/User/usbd_conf.o
                0x080067e4                HAL_PCD_DisconnectCallback
 .text.USBD_LL_Init
                0x08006800       0x94 ./Application/User/usbd_conf.o
                0x08006800                USBD_LL_Init
 .text.USBD_LL_Start
                0x08006894       0x20 ./Application/User/usbd_conf.o
                0x08006894                USBD_LL_Start
 .text.USBD_LL_OpenEP
                0x080068b4       0x34 ./Application/User/usbd_conf.o
                0x080068b4                USBD_LL_OpenEP
 .text.USBD_LL_CloseEP
                0x080068e8       0x28 ./Application/User/usbd_conf.o
                0x080068e8                USBD_LL_CloseEP
 .text.USBD_LL_StallEP
                0x08006910       0x28 ./Application/User/usbd_conf.o
                0x08006910                USBD_LL_StallEP
 .text.USBD_LL_ClearStallEP
                0x08006938       0x28 ./Application/User/usbd_conf.o
                0x08006938                USBD_LL_ClearStallEP
 .text.USBD_LL_IsStallEP
                0x08006960       0x58 ./Application/User/usbd_conf.o
                0x08006960                USBD_LL_IsStallEP
 .text.USBD_LL_SetUSBAddress
                0x080069b8       0x28 ./Application/User/usbd_conf.o
                0x080069b8                USBD_LL_SetUSBAddress
 .text.USBD_LL_Transmit
                0x080069e0       0x30 ./Application/User/usbd_conf.o
                0x080069e0                USBD_LL_Transmit
 .text.USBD_LL_PrepareReceive
                0x08006a10       0x30 ./Application/User/usbd_conf.o
                0x08006a10                USBD_LL_PrepareReceive
 .text.USBD_LL_GetRxDataSize
                0x08006a40       0x28 ./Application/User/usbd_conf.o
                0x08006a40                USBD_LL_GetRxDataSize
 .text.HAL_PCDEx_LPM_Callback
                0x08006a68       0xa0 ./Application/User/usbd_conf.o
                0x08006a68                HAL_PCDEx_LPM_Callback
 .text.USBD_FS_DeviceDescriptor
                0x08006b08       0x24 ./Application/User/usbd_desc.o
                0x08006b08                USBD_FS_DeviceDescriptor
 .text.USBD_FS_LangIDStrDescriptor
                0x08006b2c       0x24 ./Application/User/usbd_desc.o
                0x08006b2c                USBD_FS_LangIDStrDescriptor
 .text.USBD_FS_ProductStrDescriptor
                0x08006b50       0x3c ./Application/User/usbd_desc.o
                0x08006b50                USBD_FS_ProductStrDescriptor
 .text.USBD_FS_ManufacturerStrDescriptor
                0x08006b8c       0x28 ./Application/User/usbd_desc.o
                0x08006b8c                USBD_FS_ManufacturerStrDescriptor
 .text.USBD_FS_SerialStrDescriptor
                0x08006bb4       0x3c ./Application/User/usbd_desc.o
                0x08006bb4                USBD_FS_SerialStrDescriptor
 .text.USBD_FS_ConfigStrDescriptor
                0x08006bf0       0x3c ./Application/User/usbd_desc.o
                0x08006bf0                USBD_FS_ConfigStrDescriptor
 .text.USBD_FS_InterfaceStrDescriptor
                0x08006c2c       0x3c ./Application/User/usbd_desc.o
                0x08006c2c                USBD_FS_InterfaceStrDescriptor
 .text.USBD_FS_USR_BOSDescriptor
                0x08006c68       0x24 ./Application/User/usbd_desc.o
                0x08006c68                USBD_FS_USR_BOSDescriptor
 .text.Reset_Handler
                0x08006c8c       0x50 ./Application/SW4STM32/startup_stm32f756xx.o
                0x08006c8c                Reset_Handler
 .text.Default_Handler
                0x08006cdc        0x2 ./Application/SW4STM32/startup_stm32f756xx.o
                0x08006cdc                RTC_Alarm_IRQHandler
                0x08006cdc                HASH_RNG_IRQHandler
                0x08006cdc                EXTI2_IRQHandler
                0x08006cdc                TIM8_CC_IRQHandler
                0x08006cdc                DebugMon_Handler
                0x08006cdc                UART8_IRQHandler
                0x08006cdc                SPI4_IRQHandler
                0x08006cdc                TIM1_CC_IRQHandler
                0x08006cdc                DMA2_Stream5_IRQHandler
                0x08006cdc                HardFault_Handler
                0x08006cdc                DMA1_Stream5_IRQHandler
                0x08006cdc                PVD_IRQHandler
                0x08006cdc                TAMP_STAMP_IRQHandler
                0x08006cdc                PendSV_Handler
                0x08006cdc                NMI_Handler
                0x08006cdc                CAN2_RX1_IRQHandler
                0x08006cdc                EXTI3_IRQHandler
                0x08006cdc                TIM8_TRG_COM_TIM14_IRQHandler
                0x08006cdc                TIM1_UP_TIM10_IRQHandler
                0x08006cdc                TIM8_UP_TIM13_IRQHandler
                0x08006cdc                I2C3_ER_IRQHandler
                0x08006cdc                EXTI0_IRQHandler
                0x08006cdc                I2C2_EV_IRQHandler
                0x08006cdc                DMA1_Stream2_IRQHandler
                0x08006cdc                CAN1_RX0_IRQHandler
                0x08006cdc                FPU_IRQHandler
                0x08006cdc                OTG_HS_WKUP_IRQHandler
                0x08006cdc                UsageFault_Handler
                0x08006cdc                LTDC_ER_IRQHandler
                0x08006cdc                CAN2_SCE_IRQHandler
                0x08006cdc                DMA2_Stream2_IRQHandler
                0x08006cdc                SPI1_IRQHandler
                0x08006cdc                TIM6_DAC_IRQHandler
                0x08006cdc                TIM1_BRK_TIM9_IRQHandler
                0x08006cdc                DCMI_IRQHandler
                0x08006cdc                CAN2_RX0_IRQHandler
                0x08006cdc                DMA2_Stream3_IRQHandler
                0x08006cdc                SAI2_IRQHandler
                0x08006cdc                USART6_IRQHandler
                0x08006cdc                USART3_IRQHandler
                0x08006cdc                CRYP_IRQHandler
                0x08006cdc                CAN1_RX1_IRQHandler
                0x08006cdc                UART5_IRQHandler
                0x08006cdc                DMA2_Stream0_IRQHandler
                0x08006cdc                TIM4_IRQHandler
                0x08006cdc                QUADSPI_IRQHandler
                0x08006cdc                I2C1_EV_IRQHandler
                0x08006cdc                DMA1_Stream6_IRQHandler
                0x08006cdc                DMA1_Stream1_IRQHandler
                0x08006cdc                UART4_IRQHandler
                0x08006cdc                TIM3_IRQHandler
                0x08006cdc                RCC_IRQHandler
                0x08006cdc                TIM8_BRK_TIM12_IRQHandler
                0x08006cdc                Default_Handler
                0x08006cdc                CEC_IRQHandler
                0x08006cdc                EXTI15_10_IRQHandler
                0x08006cdc                ADC_IRQHandler
                0x08006cdc                DMA1_Stream7_IRQHandler
                0x08006cdc                SPI5_IRQHandler
                0x08006cdc                TIM7_IRQHandler
                0x08006cdc                SDMMC1_IRQHandler
                0x08006cdc                CAN2_TX_IRQHandler
                0x08006cdc                TIM5_IRQHandler
                0x08006cdc                DMA2_Stream7_IRQHandler
                0x08006cdc                I2C3_EV_IRQHandler
                0x08006cdc                EXTI9_5_IRQHandler
                0x08006cdc                RTC_WKUP_IRQHandler
                0x08006cdc                LTDC_IRQHandler
                0x08006cdc                ETH_WKUP_IRQHandler
                0x08006cdc                SPDIF_RX_IRQHandler
                0x08006cdc                SPI2_IRQHandler
                0x08006cdc                OTG_HS_EP1_IN_IRQHandler
                0x08006cdc                MemManage_Handler
                0x08006cdc                DMA1_Stream0_IRQHandler
                0x08006cdc                CAN1_TX_IRQHandler
                0x08006cdc                SVC_Handler
                0x08006cdc                EXTI4_IRQHandler
                0x08006cdc                ETH_IRQHandler
                0x08006cdc                OTG_HS_EP1_OUT_IRQHandler
                0x08006cdc                WWDG_IRQHandler
                0x08006cdc                SPI6_IRQHandler
                0x08006cdc                I2C4_EV_IRQHandler
                0x08006cdc                TIM2_IRQHandler
                0x08006cdc                OTG_FS_WKUP_IRQHandler
                0x08006cdc                TIM1_TRG_COM_TIM11_IRQHandler
                0x08006cdc                OTG_HS_IRQHandler
                0x08006cdc                DMA2D_IRQHandler
                0x08006cdc                EXTI1_IRQHandler
                0x08006cdc                UART7_IRQHandler
                0x08006cdc                USART2_IRQHandler
                0x08006cdc                I2C2_ER_IRQHandler
                0x08006cdc                DMA2_Stream1_IRQHandler
                0x08006cdc                CAN1_SCE_IRQHandler
                0x08006cdc                FLASH_IRQHandler
                0x08006cdc                DMA2_Stream4_IRQHandler
                0x08006cdc                BusFault_Handler
                0x08006cdc                USART1_IRQHandler
                0x08006cdc                SPI3_IRQHandler
                0x08006cdc                DMA1_Stream4_IRQHandler
                0x08006cdc                I2C1_ER_IRQHandler
                0x08006cdc                FMC_IRQHandler
                0x08006cdc                LPTIM1_IRQHandler
                0x08006cdc                I2C4_ER_IRQHandler
                0x08006cdc                DMA2_Stream6_IRQHandler
                0x08006cdc                SAI1_IRQHandler
                0x08006cdc                DMA1_Stream3_IRQHandler
 *fill*         0x08006cde        0x2 
 .text.__libc_init_array
                0x08006ce0       0x4c c:/ac6/systemworkbench/plugins/fr.ac6.mcu.externaltools.arm-none.win32_1.7.0.201602121829/tools/compiler/bin/../lib/gcc/arm-none-eabi/5.2.1/../../../../arm-none-eabi/lib/armv7e-m/fpu/fpv5-sp-d16\libc_nano.a(lib_a-init.o)
                0x08006ce0                __libc_init_array
 .text.malloc   0x08006d2c       0x10 c:/ac6/systemworkbench/plugins/fr.ac6.mcu.externaltools.arm-none.win32_1.7.0.201602121829/tools/compiler/bin/../lib/gcc/arm-none-eabi/5.2.1/../../../../arm-none-eabi/lib/armv7e-m/fpu/fpv5-sp-d16\libc_nano.a(lib_a-malloc.o)
                0x08006d2c                malloc
 .text.free     0x08006d3c       0x10 c:/ac6/systemworkbench/plugins/fr.ac6.mcu.externaltools.arm-none.win32_1.7.0.201602121829/tools/compiler/bin/../lib/gcc/arm-none-eabi/5.2.1/../../../../arm-none-eabi/lib/armv7e-m/fpu/fpv5-sp-d16\libc_nano.a(lib_a-malloc.o)
                0x08006d3c                free
 .text._free_r  0x08006d4c       0x8c c:/ac6/systemworkbench/plugins/fr.ac6.mcu.externaltools.arm-none.win32_1.7.0.201602121829/tools/compiler/bin/../lib/gcc/arm-none-eabi/5.2.1/../../../../arm-none-eabi/lib/armv7e-m/fpu/fpv5-sp-d16\libc_nano.a(lib_a-nano-freer.o)
                0x08006d4c                _free_r
 .text._malloc_r
                0x08006dd8       0xa8 c:/ac6/systemworkbench/plugins/fr.ac6.mcu.externaltools.arm-none.win32_1.7.0.201602121829/tools/compiler/bin/../lib/gcc/arm-none-eabi/5.2.1/../../../../arm-none-eabi/lib/armv7e-m/fpu/fpv5-sp-d16\libc_nano.a(lib_a-nano-mallocr.o)
                0x08006dd8                _malloc_r
 .text._sbrk_r  0x08006e80       0x20 c:/ac6/systemworkbench/plugins/fr.ac6.mcu.externaltools.arm-none.win32_1.7.0.201602121829/tools/compiler/bin/../lib/gcc/arm-none-eabi/5.2.1/../../../../arm-none-eabi/lib/armv7e-m/fpu/fpv5-sp-d16\libc_nano.a(lib_a-sbrkr.o)
                0x08006e80                _sbrk_r
 .text._sbrk    0x08006ea0       0x1c c:/ac6/systemworkbench/plugins/fr.ac6.mcu.externaltools.arm-none.win32_1.7.0.201602121829/tools/compiler/bin/../lib/gcc/arm-none-eabi/5.2.1/../../../../arm-none-eabi/lib/armv7e-m/fpu/fpv5-sp-d16\libnosys.a(sbrk.o)
                0x08006ea0                _sbrk
 *(.glue_7)
 .glue_7        0x08006ebc        0x0 linker stubs
 *(.glue_7t)
 .glue_7t       0x08006ebc        0x0 linker stubs
 *(.eh_frame)
 .eh_frame      0x08006ebc        0x0 c:/ac6/systemworkbench/plugins/fr.ac6.mcu.externaltools.arm-none.win32_1.7.0.201602121829/tools/compiler/bin/../lib/gcc/arm-none-eabi/5.2.1/armv7e-m/fpu/fpv5-sp-d16/crtbegin.o
 *(.init)
 .init          0x08006ebc        0x4 c:/ac6/systemworkbench/plugins/fr.ac6.mcu.externaltools.arm-none.win32_1.7.0.201602121829/tools/compiler/bin/../lib/gcc/arm-none-eabi/5.2.1/armv7e-m/fpu/fpv5-sp-d16/crti.o
                0x08006ebc                _init
 .init          0x08006ec0        0x8 c:/ac6/systemworkbench/plugins/fr.ac6.mcu.externaltools.arm-none.win32_1.7.0.201602121829/tools/compiler/bin/../lib/gcc/arm-none-eabi/5.2.1/armv7e-m/fpu/fpv5-sp-d16/crtn.o
 *(.fini)
 .fini          0x08006ec8        0x4 c:/ac6/systemworkbench/plugins/fr.ac6.mcu.externaltools.arm-none.win32_1.7.0.201602121829/tools/compiler/bin/../lib/gcc/arm-none-eabi/5.2.1/armv7e-m/fpu/fpv5-sp-d16/crti.o
                0x08006ec8                _fini
 .fini          0x08006ecc        0x8 c:/ac6/systemworkbench/plugins/fr.ac6.mcu.externaltools.arm-none.win32_1.7.0.201602121829/tools/compiler/bin/../lib/gcc/arm-none-eabi/5.2.1/armv7e-m/fpu/fpv5-sp-d16/crtn.o
                0x08006ed4                . = ALIGN (0x4)
                0x08006ed4                _etext = .

.vfp11_veneer   0x08006ed4        0x0
 .vfp11_veneer  0x08006ed4        0x0 linker stubs

.v4_bx          0x08006ed4        0x0
 .v4_bx         0x08006ed4        0x0 linker stubs

.iplt           0x08006ed4        0x0
 .iplt          0x08006ed4        0x0 c:/ac6/systemworkbench/plugins/fr.ac6.mcu.externaltools.arm-none.win32_1.7.0.201602121829/tools/compiler/bin/../lib/gcc/arm-none-eabi/5.2.1/armv7e-m/fpu/fpv5-sp-d16/crtbegin.o

.rodata         0x08006ed4       0x7c
                0x08006ed4                . = ALIGN (0x4)
 *(.rodata)
 .rodata        0x08006ed4       0x10 ./Drivers/STM32F7xx_HAL_Driver/stm32f7xx_hal_rcc.o
                0x08006ed4                APBAHBPrescTable
 .rodata        0x08006ee4       0x11 ./Application/User/main.o
 *fill*         0x08006ef5        0x3 
 .rodata        0x08006ef8       0x56 ./Application/User/usbd_desc.o
 *(.rodata*)
 .rodata.str1.1
                0x08006f4e        0x2 c:/ac6/systemworkbench/plugins/fr.ac6.mcu.externaltools.arm-none.win32_1.7.0.201602121829/tools/compiler/bin/../lib/gcc/arm-none-eabi/5.2.1/../../../../arm-none-eabi/lib/armv7e-m/fpu/fpv5-sp-d16\libc_nano.a(lib_a-impure.o)
                0x08006f50                . = ALIGN (0x4)

.rel.dyn        0x08006f50        0x0
 .rel.iplt      0x08006f50        0x0 c:/ac6/systemworkbench/plugins/fr.ac6.mcu.externaltools.arm-none.win32_1.7.0.201602121829/tools/compiler/bin/../lib/gcc/arm-none-eabi/5.2.1/armv7e-m/fpu/fpv5-sp-d16/crtbegin.o

.ARM.extab
 *(.ARM.extab* .gnu.linkonce.armextab.*)

.ARM            0x08006f50        0x0
                0x08006f50                __exidx_start = .
 *(.ARM.exidx*)
                0x08006f50                __exidx_end = .

.preinit_array  0x08006f50        0x0
                0x08006f50                PROVIDE (__preinit_array_start, .)
 *(.preinit_array*)
                0x08006f50                PROVIDE (__preinit_array_end, .)

.init_array     0x08006f50        0x4
                0x08006f50                PROVIDE (__init_array_start, .)
 *(SORT(.init_array.*))
 *(.init_array*)
 .init_array    0x08006f50        0x4 c:/ac6/systemworkbench/plugins/fr.ac6.mcu.externaltools.arm-none.win32_1.7.0.201602121829/tools/compiler/bin/../lib/gcc/arm-none-eabi/5.2.1/armv7e-m/fpu/fpv5-sp-d16/crtbegin.o
                0x08006f54                PROVIDE (__init_array_end, .)

.fini_array     0x08006f54        0x4
                [!provide]                PROVIDE (__fini_array_start, .)
 *(SORT(.fini_array.*))
 *(.fini_array*)
 .fini_array    0x08006f54        0x4 c:/ac6/systemworkbench/plugins/fr.ac6.mcu.externaltools.arm-none.win32_1.7.0.201602121829/tools/compiler/bin/../lib/gcc/arm-none-eabi/5.2.1/armv7e-m/fpu/fpv5-sp-d16/crtbegin.o
                [!provide]                PROVIDE (__fini_array_end, .)
                0x08006f58                _sidata = LOADADDR (.data)

.data           0x20000000      0x1cc load address 0x08006f58
                0x20000000                . = ALIGN (0x4)
                0x20000000                _sdata = .
 *(.data)
 .data          0x20000000      0x10f ./Middlewares/USB_Device_Library/usbd_cdc.o
                0x2000000c                USBD_CDC
                0x20000044                USBD_CDC_CfgHSDesc
                0x20000088                USBD_CDC_CfgFSDesc
                0x200000cc                USBD_CDC_OtherSpeedCfgDesc
 *fill*         0x2000010f        0x1 
 .data          0x20000110        0x4 ./Drivers/CMSIS/system_stm32f7xx.o
                0x20000110                SystemCoreClock
 .data          0x20000114       0x10 ./Application/User/usbd_cdc_if.o
                0x20000114                USBD_Interface_fops_FS
 .data          0x20000124       0x44 ./Application/User/usbd_desc.o
                0x20000124                FS_Desc
                0x20000144                USBD_FS_DeviceDesc
                0x20000158                USBD_FS_BOSDesc
                0x20000164                USBD_LangIDDesc
 *(.data*)
 .data.impure_data
                0x20000168       0x60 c:/ac6/systemworkbench/plugins/fr.ac6.mcu.externaltools.arm-none.win32_1.7.0.201602121829/tools/compiler/bin/../lib/gcc/arm-none-eabi/5.2.1/../../../../arm-none-eabi/lib/armv7e-m/fpu/fpv5-sp-d16\libc_nano.a(lib_a-impure.o)
 .data._impure_ptr
                0x200001c8        0x4 c:/ac6/systemworkbench/plugins/fr.ac6.mcu.externaltools.arm-none.win32_1.7.0.201602121829/tools/compiler/bin/../lib/gcc/arm-none-eabi/5.2.1/../../../../arm-none-eabi/lib/armv7e-m/fpu/fpv5-sp-d16\libc_nano.a(lib_a-impure.o)
                0x200001c8                _impure_ptr
                0x200001cc                . = ALIGN (0x4)
                0x200001cc                _edata = .

.jcr            0x200001cc        0x0 load address 0x08007124
 .jcr           0x200001cc        0x0 c:/ac6/systemworkbench/plugins/fr.ac6.mcu.externaltools.arm-none.win32_1.7.0.201602121829/tools/compiler/bin/../lib/gcc/arm-none-eabi/5.2.1/armv7e-m/fpu/fpv5-sp-d16/crtbegin.o

.tm_clone_table
                0x200001cc        0x0 load address 0x08007124
 .tm_clone_table
                0x200001cc        0x0 c:/ac6/systemworkbench/plugins/fr.ac6.mcu.externaltools.arm-none.win32_1.7.0.201602121829/tools/compiler/bin/../lib/gcc/arm-none-eabi/5.2.1/armv7e-m/fpu/fpv5-sp-d16/crtbegin.o
 .tm_clone_table
                0x200001cc        0x0 c:/ac6/systemworkbench/plugins/fr.ac6.mcu.externaltools.arm-none.win32_1.7.0.201602121829/tools/compiler/bin/../lib/gcc/arm-none-eabi/5.2.1/armv7e-m/fpu/fpv5-sp-d16/crtend.o

.igot.plt       0x200001cc        0x0 load address 0x08007124
 .igot.plt      0x200001cc        0x0 c:/ac6/systemworkbench/plugins/fr.ac6.mcu.externaltools.arm-none.win32_1.7.0.201602121829/tools/compiler/bin/../lib/gcc/arm-none-eabi/5.2.1/armv7e-m/fpu/fpv5-sp-d16/crtbegin.o
                0x200001cc                . = ALIGN (0x4)

.bss            0x200001cc      0xca0 load address 0x08007124
                0x200001cc                _sbss = .
                0x200001cc                __bss_start__ = _sbss
 *(.bss)
 .bss           0x200001cc       0x1c c:/ac6/systemworkbench/plugins/fr.ac6.mcu.externaltools.arm-none.win32_1.7.0.201602121829/tools/compiler/bin/../lib/gcc/arm-none-eabi/5.2.1/armv7e-m/fpu/fpv5-sp-d16/crtbegin.o
 .bss           0x200001e8        0x1 ./Middlewares/USB_Device_Library/usbd_cdc.o
 .bss           0x200001e9        0x1 ./Middlewares/USB_Device_Library/usbd_ctlreq.o
 *fill*         0x200001ea        0x2 
 .bss           0x200001ec        0x4 ./Drivers/STM32F7xx_HAL_Driver/stm32f7xx_hal.o
 .bss           0x200001f0        0xc ./Application/User/usbd_cdc_if.o
                0x200001f0                tempbuf
 *(.bss*)
 .bss.__malloc_sbrk_start
                0x200001fc        0x4 c:/ac6/systemworkbench/plugins/fr.ac6.mcu.externaltools.arm-none.win32_1.7.0.201602121829/tools/compiler/bin/../lib/gcc/arm-none-eabi/5.2.1/../../../../arm-none-eabi/lib/armv7e-m/fpu/fpv5-sp-d16\libc_nano.a(lib_a-nano-mallocr.o)
                0x200001fc                __malloc_sbrk_start
 .bss.__malloc_free_list
                0x20000200        0x4 c:/ac6/systemworkbench/plugins/fr.ac6.mcu.externaltools.arm-none.win32_1.7.0.201602121829/tools/compiler/bin/../lib/gcc/arm-none-eabi/5.2.1/../../../../arm-none-eabi/lib/armv7e-m/fpu/fpv5-sp-d16\libc_nano.a(lib_a-nano-mallocr.o)
                0x20000200                __malloc_free_list
 .bss.heap_end.4169
                0x20000204        0x4 c:/ac6/systemworkbench/plugins/fr.ac6.mcu.externaltools.arm-none.win32_1.7.0.201602121829/tools/compiler/bin/../lib/gcc/arm-none-eabi/5.2.1/../../../../arm-none-eabi/lib/armv7e-m/fpu/fpv5-sp-d16\libnosys.a(sbrk.o)
 *(COMMON)
 COMMON         0x20000208       0x78 ./Application/User/main.o
                0x20000208                hi2c1
                0x20000244                htim5
 COMMON         0x20000280      0x224 ./Application/User/usb_device.o
                0x20000280                hUsbDeviceFS
 COMMON         0x200004a4      0x404 ./Application/User/usbd_cdc_if.o
                0x200004a4                hUsbDevice_0
                0x200004a8                UserRxBufferFS
                0x200006a8                UserTxBufferFS
 COMMON         0x200008a8      0x3c0 ./Application/User/usbd_conf.o
                0x200008a8                hpcd_USB_OTG_FS
 COMMON         0x20000c68      0x200 ./Application/User/usbd_desc.o
                0x20000c68                USBD_StrDesc
 COMMON         0x20000e68        0x4 c:/ac6/systemworkbench/plugins/fr.ac6.mcu.externaltools.arm-none.win32_1.7.0.201602121829/tools/compiler/bin/../lib/gcc/arm-none-eabi/5.2.1/../../../../arm-none-eabi/lib/armv7e-m/fpu/fpv5-sp-d16\libc_nano.a(lib_a-reent.o)
                0x20000e68                errno
                0x20000e6c                . = ALIGN (0x4)
                0x20000e6c                _ebss = .
                0x20000e6c                __bss_end__ = _ebss

._user_heap_stack
                0x20000e6c        0x0 load address 0x08007124
                0x20000e6c                . = ALIGN (0x4)
                0x20000e6c                PROVIDE (end, .)
                [!provide]                PROVIDE (_end, .)
                0x20000e6c                . = (. + _Min_Heap_Size)
                0x20000e6c                . = (. + _Min_Stack_Size)
                0x20000e6c                . = ALIGN (0x4)

/DISCARD/
 libc.a(*)
 libm.a(*)
 libgcc.a(*)

.ARM.attributes
                0x00000000       0x30
 *(.ARM.attributes)
 .ARM.attributes
                0x00000000       0x22 c:/ac6/systemworkbench/plugins/fr.ac6.mcu.externaltools.arm-none.win32_1.7.0.201602121829/tools/compiler/bin/../lib/gcc/arm-none-eabi/5.2.1/armv7e-m/fpu/fpv5-sp-d16/crti.o
 .ARM.attributes
                0x00000022       0x34 c:/ac6/systemworkbench/plugins/fr.ac6.mcu.externaltools.arm-none.win32_1.7.0.201602121829/tools/compiler/bin/../lib/gcc/arm-none-eabi/5.2.1/armv7e-m/fpu/fpv5-sp-d16/crtbegin.o
 .ARM.attributes
                0x00000056       0x39 ./Middlewares/USB_Device_Library/usbd_cdc.o
 .ARM.attributes
                0x0000008f       0x39 ./Middlewares/USB_Device_Library/usbd_core.o
 .ARM.attributes
                0x000000c8       0x39 ./Middlewares/USB_Device_Library/usbd_ctlreq.o
 .ARM.attributes
                0x00000101       0x39 ./Middlewares/USB_Device_Library/usbd_ioreq.o
 .ARM.attributes
                0x0000013a       0x39 ./Drivers/STM32F7xx_HAL_Driver/stm32f7xx_hal.o
 .ARM.attributes
                0x00000173       0x39 ./Drivers/STM32F7xx_HAL_Driver/stm32f7xx_hal_cortex.o
 .ARM.attributes
                0x000001ac       0x39 ./Drivers/STM32F7xx_HAL_Driver/stm32f7xx_hal_gpio.o
 .ARM.attributes
                0x000001e5       0x39 ./Drivers/STM32F7xx_HAL_Driver/stm32f7xx_hal_i2c.o
 .ARM.attributes
                0x0000021e       0x39 ./Drivers/STM32F7xx_HAL_Driver/stm32f7xx_hal_i2c_ex.o
 .ARM.attributes
                0x00000257       0x39 ./Drivers/STM32F7xx_HAL_Driver/stm32f7xx_hal_pcd.o
 .ARM.attributes
                0x00000290       0x39 ./Drivers/STM32F7xx_HAL_Driver/stm32f7xx_hal_pcd_ex.o
 .ARM.attributes
                0x000002c9       0x39 ./Drivers/STM32F7xx_HAL_Driver/stm32f7xx_hal_rcc.o
 .ARM.attributes
                0x00000302       0x39 ./Drivers/STM32F7xx_HAL_Driver/stm32f7xx_hal_rcc_ex.o
 .ARM.attributes
                0x0000033b       0x39 ./Drivers/STM32F7xx_HAL_Driver/stm32f7xx_ll_usb.o
 .ARM.attributes
                0x00000374       0x39 ./Drivers/CMSIS/system_stm32f7xx.o
 .ARM.attributes
                0x000003ad       0x39 ./Application/User/main.o
 .ARM.attributes
                0x000003e6       0x39 ./Application/User/stm32f7xx_hal_msp.o
 .ARM.attributes
                0x0000041f       0x39 ./Application/User/stm32f7xx_it.o
 .ARM.attributes
                0x00000458       0x39 ./Application/User/usb_device.o
 .ARM.attributes
                0x00000491       0x39 ./Application/User/usbd_cdc_if.o
 .ARM.attributes
                0x000004ca       0x39 ./Application/User/usbd_conf.o
 .ARM.attributes
                0x00000503       0x39 ./Application/User/usbd_desc.o
 .ARM.attributes
                0x0000053c       0x21 ./Application/SW4STM32/startup_stm32f756xx.o
 .ARM.attributes
                0x0000055d       0x34 c:/ac6/systemworkbench/plugins/fr.ac6.mcu.externaltools.arm-none.win32_1.7.0.201602121829/tools/compiler/bin/../lib/gcc/arm-none-eabi/5.2.1/../../../../arm-none-eabi/lib/armv7e-m/fpu/fpv5-sp-d16\libc_nano.a(lib_a-impure.o)
 .ARM.attributes
                0x00000591       0x34 c:/ac6/systemworkbench/plugins/fr.ac6.mcu.externaltools.arm-none.win32_1.7.0.201602121829/tools/compiler/bin/../lib/gcc/arm-none-eabi/5.2.1/../../../../arm-none-eabi/lib/armv7e-m/fpu/fpv5-sp-d16\libc_nano.a(lib_a-init.o)
 .ARM.attributes
                0x000005c5       0x34 c:/ac6/systemworkbench/plugins/fr.ac6.mcu.externaltools.arm-none.win32_1.7.0.201602121829/tools/compiler/bin/../lib/gcc/arm-none-eabi/5.2.1/../../../../arm-none-eabi/lib/armv7e-m/fpu/fpv5-sp-d16\libc_nano.a(lib_a-malloc.o)
 .ARM.attributes
                0x000005f9       0x34 c:/ac6/systemworkbench/plugins/fr.ac6.mcu.externaltools.arm-none.win32_1.7.0.201602121829/tools/compiler/bin/../lib/gcc/arm-none-eabi/5.2.1/../../../../arm-none-eabi/lib/armv7e-m/fpu/fpv5-sp-d16\libc_nano.a(lib_a-nano-freer.o)
 .ARM.attributes
                0x0000062d       0x34 c:/ac6/systemworkbench/plugins/fr.ac6.mcu.externaltools.arm-none.win32_1.7.0.201602121829/tools/compiler/bin/../lib/gcc/arm-none-eabi/5.2.1/../../../../arm-none-eabi/lib/armv7e-m/fpu/fpv5-sp-d16\libc_nano.a(lib_a-nano-mallocr.o)
 .ARM.attributes
                0x00000661       0x34 c:/ac6/systemworkbench/plugins/fr.ac6.mcu.externaltools.arm-none.win32_1.7.0.201602121829/tools/compiler/bin/../lib/gcc/arm-none-eabi/5.2.1/../../../../arm-none-eabi/lib/armv7e-m/fpu/fpv5-sp-d16\libc_nano.a(lib_a-sbrkr.o)
 .ARM.attributes
                0x00000695       0x34 c:/ac6/systemworkbench/plugins/fr.ac6.mcu.externaltools.arm-none.win32_1.7.0.201602121829/tools/compiler/bin/../lib/gcc/arm-none-eabi/5.2.1/../../../../arm-none-eabi/lib/armv7e-m/fpu/fpv5-sp-d16\libc_nano.a(lib_a-reent.o)
 .ARM.attributes
                0x000006c9       0x34 c:/ac6/systemworkbench/plugins/fr.ac6.mcu.externaltools.arm-none.win32_1.7.0.201602121829/tools/compiler/bin/../lib/gcc/arm-none-eabi/5.2.1/../../../../arm-none-eabi/lib/armv7e-m/fpu/fpv5-sp-d16\libnosys.a(sbrk.o)
 .ARM.attributes
                0x000006fd       0x34 c:/ac6/systemworkbench/plugins/fr.ac6.mcu.externaltools.arm-none.win32_1.7.0.201602121829/tools/compiler/bin/../lib/gcc/arm-none-eabi/5.2.1/armv7e-m/fpu/fpv5-sp-d16/crtend.o
 .ARM.attributes
                0x00000731       0x22 c:/ac6/systemworkbench/plugins/fr.ac6.mcu.externaltools.arm-none.win32_1.7.0.201602121829/tools/compiler/bin/../lib/gcc/arm-none-eabi/5.2.1/armv7e-m/fpu/fpv5-sp-d16/crtn.o
OUTPUT(CDC_FS.elf elf32-littlearm)

.debug_info     0x00000000     0xf85b
 .debug_info    0x00000000      0xa93 ./Middlewares/USB_Device_Library/usbd_cdc.o
 .debug_info    0x00000a93      0x91a ./Middlewares/USB_Device_Library/usbd_core.o
 .debug_info    0x000013ad      0x87b ./Middlewares/USB_Device_Library/usbd_ctlreq.o
 .debug_info    0x00001c28      0x67b ./Middlewares/USB_Device_Library/usbd_ioreq.o
 .debug_info    0x000022a3      0x852 ./Drivers/STM32F7xx_HAL_Driver/stm32f7xx_hal.o
 .debug_info    0x00002af5      0xf3e ./Drivers/STM32F7xx_HAL_Driver/stm32f7xx_hal_cortex.o
 .debug_info    0x00003a33      0x736 ./Drivers/STM32F7xx_HAL_Driver/stm32f7xx_hal_gpio.o
 .debug_info    0x00004169     0x14a6 ./Drivers/STM32F7xx_HAL_Driver/stm32f7xx_hal_i2c.o
 .debug_info    0x0000560f      0x5f7 ./Drivers/STM32F7xx_HAL_Driver/stm32f7xx_hal_i2c_ex.o
 .debug_info    0x00005c06      0xf82 ./Drivers/STM32F7xx_HAL_Driver/stm32f7xx_hal_pcd.o
 .debug_info    0x00006b88      0x708 ./Drivers/STM32F7xx_HAL_Driver/stm32f7xx_hal_pcd_ex.o
 .debug_info    0x00007290      0xb51 ./Drivers/STM32F7xx_HAL_Driver/stm32f7xx_hal_rcc.o
 .debug_info    0x00007de1      0xac3 ./Drivers/STM32F7xx_HAL_Driver/stm32f7xx_hal_rcc_ex.o
 .debug_info    0x000088a4     0x1462 ./Drivers/STM32F7xx_HAL_Driver/stm32f7xx_ll_usb.o
 .debug_info    0x00009d06      0x6a4 ./Drivers/CMSIS/system_stm32f7xx.o
 .debug_info    0x0000a3aa     0x1660 ./Application/User/main.o
 .debug_info    0x0000ba0a      0xdf8 ./Application/User/stm32f7xx_hal_msp.o
 .debug_info    0x0000c802      0x58a ./Application/User/stm32f7xx_it.o
 .debug_info    0x0000cd8c      0x5a0 ./Application/User/usb_device.o
 .debug_info    0x0000d32c      0x840 ./Application/User/usbd_cdc_if.o
 .debug_info    0x0000db6c     0x180c ./Application/User/usbd_conf.o
 .debug_info    0x0000f378      0x3f1 ./Application/User/usbd_desc.o
 .debug_info    0x0000f769       0xf2 ./Application/SW4STM32/startup_stm32f756xx.o

.debug_abbrev   0x00000000     0x27d2
 .debug_abbrev  0x00000000      0x1e5 ./Middlewares/USB_Device_Library/usbd_cdc.o
 .debug_abbrev  0x000001e5      0x1c0 ./Middlewares/USB_Device_Library/usbd_core.o
 .debug_abbrev  0x000003a5      0x1f0 ./Middlewares/USB_Device_Library/usbd_ctlreq.o
 .debug_abbrev  0x00000595      0x130 ./Middlewares/USB_Device_Library/usbd_ioreq.o
 .debug_abbrev  0x000006c5      0x19a ./Drivers/STM32F7xx_HAL_Driver/stm32f7xx_hal.o
 .debug_abbrev  0x0000085f      0x2cc ./Drivers/STM32F7xx_HAL_Driver/stm32f7xx_hal_cortex.o
 .debug_abbrev  0x00000b2b      0x1af ./Drivers/STM32F7xx_HAL_Driver/stm32f7xx_hal_gpio.o
 .debug_abbrev  0x00000cda      0x1ca ./Drivers/STM32F7xx_HAL_Driver/stm32f7xx_hal_i2c.o
 .debug_abbrev  0x00000ea4      0x127 ./Drivers/STM32F7xx_HAL_Driver/stm32f7xx_hal_i2c_ex.o
 .debug_abbrev  0x00000fcb      0x23d ./Drivers/STM32F7xx_HAL_Driver/stm32f7xx_hal_pcd.o
 .debug_abbrev  0x00001208      0x18c ./Drivers/STM32F7xx_HAL_Driver/stm32f7xx_hal_pcd_ex.o
 .debug_abbrev  0x00001394      0x299 ./Drivers/STM32F7xx_HAL_Driver/stm32f7xx_hal_rcc.o
 .debug_abbrev  0x0000162d      0x1e3 ./Drivers/STM32F7xx_HAL_Driver/stm32f7xx_hal_rcc_ex.o
 .debug_abbrev  0x00001810      0x218 ./Drivers/STM32F7xx_HAL_Driver/stm32f7xx_ll_usb.o
 .debug_abbrev  0x00001a28      0x120 ./Drivers/CMSIS/system_stm32f7xx.o
 .debug_abbrev  0x00001b48      0x28d ./Application/User/main.o
 .debug_abbrev  0x00001dd5      0x199 ./Application/User/stm32f7xx_hal_msp.o
 .debug_abbrev  0x00001f6e      0x143 ./Application/User/stm32f7xx_it.o
 .debug_abbrev  0x000020b1      0x139 ./Application/User/usb_device.o
 .debug_abbrev  0x000021ea      0x243 ./Application/User/usbd_cdc_if.o
 .debug_abbrev  0x0000242d      0x238 ./Application/User/usbd_conf.o
 .debug_abbrev  0x00002665      0x15b ./Application/User/usbd_desc.o
 .debug_abbrev  0x000027c0       0x12 ./Application/SW4STM32/startup_stm32f756xx.o

.debug_aranges  0x00000000      0xcc8
 .debug_aranges
                0x00000000       0x90 ./Middlewares/USB_Device_Library/usbd_cdc.o
 .debug_aranges
                0x00000090       0xb8 ./Middlewares/USB_Device_Library/usbd_core.o
 .debug_aranges
                0x00000148       0x88 ./Middlewares/USB_Device_Library/usbd_ctlreq.o
 .debug_aranges
                0x000001d0       0x50 ./Middlewares/USB_Device_Library/usbd_ioreq.o
 .debug_aranges
                0x00000220       0xd0 ./Drivers/STM32F7xx_HAL_Driver/stm32f7xx_hal.o
 .debug_aranges
                0x000002f0      0x108 ./Drivers/STM32F7xx_HAL_Driver/stm32f7xx_hal_cortex.o
 .debug_aranges
                0x000003f8       0x58 ./Drivers/STM32F7xx_HAL_Driver/stm32f7xx_hal_gpio.o
 .debug_aranges
                0x00000450      0x1c0 ./Drivers/STM32F7xx_HAL_Driver/stm32f7xx_hal_i2c.o
 .debug_aranges
                0x00000610       0x28 ./Drivers/STM32F7xx_HAL_Driver/stm32f7xx_hal_i2c_ex.o
 .debug_aranges
                0x00000638      0x120 ./Drivers/STM32F7xx_HAL_Driver/stm32f7xx_hal_pcd.o
 .debug_aranges
                0x00000758       0x40 ./Drivers/STM32F7xx_HAL_Driver/stm32f7xx_hal_pcd_ex.o
 .debug_aranges
                0x00000798       0x88 ./Drivers/STM32F7xx_HAL_Driver/stm32f7xx_hal_rcc.o
 .debug_aranges
                0x00000820       0x30 ./Drivers/STM32F7xx_HAL_Driver/stm32f7xx_hal_rcc_ex.o
 .debug_aranges
                0x00000850      0x180 ./Drivers/STM32F7xx_HAL_Driver/stm32f7xx_ll_usb.o
 .debug_aranges
                0x000009d0       0x28 ./Drivers/CMSIS/system_stm32f7xx.o
 .debug_aranges
                0x000009f8       0x68 ./Application/User/main.o
 .debug_aranges
                0x00000a60       0x40 ./Application/User/stm32f7xx_hal_msp.o
 .debug_aranges
                0x00000aa0       0x28 ./Application/User/stm32f7xx_it.o
 .debug_aranges
                0x00000ac8       0x20 ./Application/User/usb_device.o
 .debug_aranges
                0x00000ae8       0x60 ./Application/User/usbd_cdc_if.o
 .debug_aranges
                0x00000b48      0x100 ./Application/User/usbd_conf.o
 .debug_aranges
                0x00000c48       0x58 ./Application/User/usbd_desc.o
 .debug_aranges
                0x00000ca0       0x28 ./Application/SW4STM32/startup_stm32f756xx.o

.debug_ranges   0x00000000      0xb60
 .debug_ranges  0x00000000       0x80 ./Middlewares/USB_Device_Library/usbd_cdc.o
 .debug_ranges  0x00000080       0xa8 ./Middlewares/USB_Device_Library/usbd_core.o
 .debug_ranges  0x00000128       0x78 ./Middlewares/USB_Device_Library/usbd_ctlreq.o
 .debug_ranges  0x000001a0       0x40 ./Middlewares/USB_Device_Library/usbd_ioreq.o
 .debug_ranges  0x000001e0       0xc0 ./Drivers/STM32F7xx_HAL_Driver/stm32f7xx_hal.o
 .debug_ranges  0x000002a0       0xf8 ./Drivers/STM32F7xx_HAL_Driver/stm32f7xx_hal_cortex.o
 .debug_ranges  0x00000398       0x48 ./Drivers/STM32F7xx_HAL_Driver/stm32f7xx_hal_gpio.o
 .debug_ranges  0x000003e0      0x1b0 ./Drivers/STM32F7xx_HAL_Driver/stm32f7xx_hal_i2c.o
 .debug_ranges  0x00000590       0x18 ./Drivers/STM32F7xx_HAL_Driver/stm32f7xx_hal_i2c_ex.o
 .debug_ranges  0x000005a8      0x110 ./Drivers/STM32F7xx_HAL_Driver/stm32f7xx_hal_pcd.o
 .debug_ranges  0x000006b8       0x30 ./Drivers/STM32F7xx_HAL_Driver/stm32f7xx_hal_pcd_ex.o
 .debug_ranges  0x000006e8       0x78 ./Drivers/STM32F7xx_HAL_Driver/stm32f7xx_hal_rcc.o
 .debug_ranges  0x00000760       0x20 ./Drivers/STM32F7xx_HAL_Driver/stm32f7xx_hal_rcc_ex.o
 .debug_ranges  0x00000780      0x170 ./Drivers/STM32F7xx_HAL_Driver/stm32f7xx_ll_usb.o
 .debug_ranges  0x000008f0       0x18 ./Drivers/CMSIS/system_stm32f7xx.o
 .debug_ranges  0x00000908       0x58 ./Application/User/main.o
 .debug_ranges  0x00000960       0x30 ./Application/User/stm32f7xx_hal_msp.o
 .debug_ranges  0x00000990       0x18 ./Application/User/stm32f7xx_it.o
 .debug_ranges  0x000009a8       0x10 ./Application/User/usb_device.o
 .debug_ranges  0x000009b8       0x50 ./Application/User/usbd_cdc_if.o
 .debug_ranges  0x00000a08       0xf0 ./Application/User/usbd_conf.o
 .debug_ranges  0x00000af8       0x48 ./Application/User/usbd_desc.o
 .debug_ranges  0x00000b40       0x20 ./Application/SW4STM32/startup_stm32f756xx.o

.debug_macro    0x00000000    0x19410
 .debug_macro   0x00000000      0x393 ./Middlewares/USB_Device_Library/usbd_cdc.o
 .debug_macro   0x00000393      0x898 ./Middlewares/USB_Device_Library/usbd_cdc.o
 .debug_macro   0x00000c2b       0x58 ./Middlewares/USB_Device_Library/usbd_cdc.o
 .debug_macro   0x00000c83       0x22 ./Middlewares/USB_Device_Library/usbd_cdc.o
 .debug_macro   0x00000ca5       0x35 ./Middlewares/USB_Device_Library/usbd_cdc.o
 .debug_macro   0x00000cda       0x9c ./Middlewares/USB_Device_Library/usbd_cdc.o
 .debug_macro   0x00000d76       0x16 ./Middlewares/USB_Device_Library/usbd_cdc.o
 .debug_macro   0x00000d8c       0x4a ./Middlewares/USB_Device_Library/usbd_cdc.o
 .debug_macro   0x00000dd6       0x97 ./Middlewares/USB_Device_Library/usbd_cdc.o
 .debug_macro   0x00000e6d      0x329 ./Middlewares/USB_Device_Library/usbd_cdc.o
 .debug_macro   0x00001196       0xfd ./Middlewares/USB_Device_Library/usbd_cdc.o
 .debug_macro   0x00001293       0x10 ./Middlewares/USB_Device_Library/usbd_cdc.o
 .debug_macro   0x000012a3       0x52 ./Middlewares/USB_Device_Library/usbd_cdc.o
 .debug_macro   0x000012f5       0x16 ./Middlewares/USB_Device_Library/usbd_cdc.o
 .debug_macro   0x0000130b       0x43 ./Middlewares/USB_Device_Library/usbd_cdc.o
 .debug_macro   0x0000134e      0x187 ./Middlewares/USB_Device_Library/usbd_cdc.o
 .debug_macro   0x000014d5       0x10 ./Middlewares/USB_Device_Library/usbd_cdc.o
 .debug_macro   0x000014e5       0x22 ./Middlewares/USB_Device_Library/usbd_cdc.o
 .debug_macro   0x00001507       0x22 ./Middlewares/USB_Device_Library/usbd_cdc.o
 .debug_macro   0x00001529       0x3a ./Middlewares/USB_Device_Library/usbd_cdc.o
 .debug_macro   0x00001563       0x10 ./Middlewares/USB_Device_Library/usbd_cdc.o
 .debug_macro   0x00001573       0x40 ./Middlewares/USB_Device_Library/usbd_cdc.o
 .debug_macro   0x000015b3       0x65 ./Middlewares/USB_Device_Library/usbd_cdc.o
 .debug_macro   0x00001618       0x16 ./Middlewares/USB_Device_Library/usbd_cdc.o
 .debug_macro   0x0000162e      0x197 ./Middlewares/USB_Device_Library/usbd_cdc.o
 .debug_macro   0x000017c5       0x16 ./Middlewares/USB_Device_Library/usbd_cdc.o
 .debug_macro   0x000017db       0x35 ./Middlewares/USB_Device_Library/usbd_cdc.o
 .debug_macro   0x00001810       0x16 ./Middlewares/USB_Device_Library/usbd_cdc.o
 .debug_macro   0x00001826       0x29 ./Middlewares/USB_Device_Library/usbd_cdc.o
 .debug_macro   0x0000184f       0x16 ./Middlewares/USB_Device_Library/usbd_cdc.o
 .debug_macro   0x00001865       0x2e ./Middlewares/USB_Device_Library/usbd_cdc.o
 .debug_macro   0x00001893       0x3b ./Middlewares/USB_Device_Library/usbd_cdc.o
 .debug_macro   0x000018ce       0x3b ./Middlewares/USB_Device_Library/usbd_cdc.o
 .debug_macro   0x00001909       0xfd ./Middlewares/USB_Device_Library/usbd_cdc.o
 .debug_macro   0x00001a06      0x1df ./Middlewares/USB_Device_Library/usbd_cdc.o
 .debug_macro   0x00001be5       0x34 ./Middlewares/USB_Device_Library/usbd_cdc.o
 .debug_macro   0x00001c19       0x26 ./Middlewares/USB_Device_Library/usbd_cdc.o
 .debug_macro   0x00001c3f     0x10a4 ./Middlewares/USB_Device_Library/usbd_cdc.o
 .debug_macro   0x00002ce3     0xa93f ./Middlewares/USB_Device_Library/usbd_cdc.o
 .debug_macro   0x0000d622       0x43 ./Middlewares/USB_Device_Library/usbd_cdc.o
 .debug_macro   0x0000d665      0x1a7 ./Middlewares/USB_Device_Library/usbd_cdc.o
 .debug_macro   0x0000d80c     0x2c17 ./Middlewares/USB_Device_Library/usbd_cdc.o
 .debug_macro   0x00010423       0x50 ./Middlewares/USB_Device_Library/usbd_cdc.o
 .debug_macro   0x00010473      0x5bb ./Middlewares/USB_Device_Library/usbd_cdc.o
 .debug_macro   0x00010a2e     0x1916 ./Middlewares/USB_Device_Library/usbd_cdc.o
 .debug_macro   0x00012344       0xdd ./Middlewares/USB_Device_Library/usbd_cdc.o
 .debug_macro   0x00012421      0x11e ./Middlewares/USB_Device_Library/usbd_cdc.o
 .debug_macro   0x0001253f      0x1f4 ./Middlewares/USB_Device_Library/usbd_cdc.o
 .debug_macro   0x00012733       0x27 ./Middlewares/USB_Device_Library/usbd_cdc.o
 .debug_macro   0x0001275a      0x272 ./Middlewares/USB_Device_Library/usbd_cdc.o
 .debug_macro   0x000129cc       0x5f ./Middlewares/USB_Device_Library/usbd_cdc.o
 .debug_macro   0x00012a2b      0x241 ./Middlewares/USB_Device_Library/usbd_cdc.o
 .debug_macro   0x00012c6c      0x111 ./Middlewares/USB_Device_Library/usbd_cdc.o
 .debug_macro   0x00012d7d      0x293 ./Middlewares/USB_Device_Library/usbd_cdc.o
 .debug_macro   0x00013010      0x1d0 ./Middlewares/USB_Device_Library/usbd_cdc.o
 .debug_macro   0x000131e0       0x22 ./Middlewares/USB_Device_Library/usbd_cdc.o
 .debug_macro   0x00013202       0x66 ./Middlewares/USB_Device_Library/usbd_cdc.o
 .debug_macro   0x00013268      0x133 ./Middlewares/USB_Device_Library/usbd_cdc.o
 .debug_macro   0x0001339b      0x10c ./Middlewares/USB_Device_Library/usbd_cdc.o
 .debug_macro   0x000134a7       0x3c ./Middlewares/USB_Device_Library/usbd_cdc.o
 .debug_macro   0x000134e3      0x677 ./Middlewares/USB_Device_Library/usbd_cdc.o
 .debug_macro   0x00013b5a      0x24f ./Middlewares/USB_Device_Library/usbd_cdc.o
 .debug_macro   0x00013da9      0x138 ./Middlewares/USB_Device_Library/usbd_cdc.o
 .debug_macro   0x00013ee1      0x1df ./Middlewares/USB_Device_Library/usbd_cdc.o
 .debug_macro   0x000140c0      0x119 ./Middlewares/USB_Device_Library/usbd_cdc.o
 .debug_macro   0x000141d9      0x136 ./Middlewares/USB_Device_Library/usbd_cdc.o
 .debug_macro   0x0001430f       0x70 ./Middlewares/USB_Device_Library/usbd_cdc.o
 .debug_macro   0x0001437f      0x1c3 ./Middlewares/USB_Device_Library/usbd_cdc.o
 .debug_macro   0x00014542       0x89 ./Middlewares/USB_Device_Library/usbd_cdc.o
 .debug_macro   0x000145cb      0x36c ./Middlewares/USB_Device_Library/usbd_core.o
 .debug_macro   0x00014937      0x1c9 ./Middlewares/USB_Device_Library/usbd_core.o
 .debug_macro   0x00014b00      0x376 ./Middlewares/USB_Device_Library/usbd_ctlreq.o
 .debug_macro   0x00014e76      0x372 ./Middlewares/USB_Device_Library/usbd_ioreq.o
 .debug_macro   0x000151e8      0x311 ./Drivers/STM32F7xx_HAL_Driver/stm32f7xx_hal.o
 .debug_macro   0x000154f9       0x44 ./Drivers/STM32F7xx_HAL_Driver/stm32f7xx_hal.o
 .debug_macro   0x0001553d      0x130 ./Drivers/STM32F7xx_HAL_Driver/stm32f7xx_hal.o
 .debug_macro   0x0001566d      0x2ed ./Drivers/STM32F7xx_HAL_Driver/stm32f7xx_hal_cortex.o
 .debug_macro   0x0001595a      0x325 ./Drivers/STM32F7xx_HAL_Driver/stm32f7xx_hal_gpio.o
 .debug_macro   0x00015c7f      0x334 ./Drivers/STM32F7xx_HAL_Driver/stm32f7xx_hal_i2c.o
 .debug_macro   0x00015fb3      0x2ed ./Drivers/STM32F7xx_HAL_Driver/stm32f7xx_hal_i2c_ex.o
 .debug_macro   0x000162a0      0x2f9 ./Drivers/STM32F7xx_HAL_Driver/stm32f7xx_hal_pcd.o
 .debug_macro   0x00016599      0x2ed ./Drivers/STM32F7xx_HAL_Driver/stm32f7xx_hal_pcd_ex.o
 .debug_macro   0x00016886      0x311 ./Drivers/STM32F7xx_HAL_Driver/stm32f7xx_hal_rcc.o
 .debug_macro   0x00016b97      0x2f9 ./Drivers/STM32F7xx_HAL_Driver/stm32f7xx_hal_rcc_ex.o
 .debug_macro   0x00016e90      0x2ed ./Drivers/STM32F7xx_HAL_Driver/stm32f7xx_ll_usb.o
 .debug_macro   0x0001717d      0x2e4 ./Drivers/CMSIS/system_stm32f7xx.o
 .debug_macro   0x00017461      0x3dd ./Application/User/main.o
 .debug_macro   0x0001783e      0x6d7 ./Application/User/main.o
 .debug_macro   0x00017f15       0x89 ./Application/User/main.o
 .debug_macro   0x00017f9e       0x10 ./Application/User/main.o
 .debug_macro   0x00017fae      0x2ed ./Application/User/stm32f7xx_hal_msp.o
 .debug_macro   0x0001829b      0x2f7 ./Application/User/stm32f7xx_it.o
 .debug_macro   0x00018592      0x3ac ./Application/User/usb_device.o
 .debug_macro   0x0001893e       0x16 ./Application/User/usb_device.o
 .debug_macro   0x00018954      0x390 ./Application/User/usbd_cdc_if.o
 .debug_macro   0x00018ce4      0x37c ./Application/User/usbd_conf.o
 .debug_macro   0x00019060      0x3b0 ./Application/User/usbd_desc.o

.debug_line     0x00000000     0xdaa3
 .debug_line    0x00000000      0x9e1 ./Middlewares/USB_Device_Library/usbd_cdc.o
 .debug_line    0x000009e1      0x9e8 ./Middlewares/USB_Device_Library/usbd_core.o
 .debug_line    0x000013c9      0xa45 ./Middlewares/USB_Device_Library/usbd_ctlreq.o
 .debug_line    0x00001e0e      0x883 ./Middlewares/USB_Device_Library/usbd_ioreq.o
 .debug_line    0x00002691      0x8dc ./Drivers/STM32F7xx_HAL_Driver/stm32f7xx_hal.o
 .debug_line    0x00002f6d      0xa0c ./Drivers/STM32F7xx_HAL_Driver/stm32f7xx_hal_cortex.o
 .debug_line    0x00003979      0x93a ./Drivers/STM32F7xx_HAL_Driver/stm32f7xx_hal_gpio.o
 .debug_line    0x000042b3     0x143e ./Drivers/STM32F7xx_HAL_Driver/stm32f7xx_hal_i2c.o
 .debug_line    0x000056f1      0x7f1 ./Drivers/STM32F7xx_HAL_Driver/stm32f7xx_hal_i2c_ex.o
 .debug_line    0x00005ee2      0xc41 ./Drivers/STM32F7xx_HAL_Driver/stm32f7xx_hal_pcd.o
 .debug_line    0x00006b23      0x7ac ./Drivers/STM32F7xx_HAL_Driver/stm32f7xx_hal_pcd_ex.o
 .debug_line    0x000072cf      0xa75 ./Drivers/STM32F7xx_HAL_Driver/stm32f7xx_hal_rcc.o
 .debug_line    0x00007d44      0x9dd ./Drivers/STM32F7xx_HAL_Driver/stm32f7xx_hal_rcc_ex.o
 .debug_line    0x00008721      0xd80 ./Drivers/STM32F7xx_HAL_Driver/stm32f7xx_ll_usb.o
 .debug_line    0x000094a1      0x768 ./Drivers/CMSIS/system_stm32f7xx.o
 .debug_line    0x00009c09      0xb10 ./Application/User/main.o
 .debug_line    0x0000a719      0x774 ./Application/User/stm32f7xx_hal_msp.o
 .debug_line    0x0000ae8d      0x73f ./Application/User/stm32f7xx_it.o
 .debug_line    0x0000b5cc      0x85b ./Application/User/usb_device.o
 .debug_line    0x0000be27      0x906 ./Application/User/usbd_cdc_if.o
 .debug_line    0x0000c72d      0xa1e ./Application/User/usbd_conf.o
 .debug_line    0x0000d14b      0x878 ./Application/User/usbd_desc.o
 .debug_line    0x0000d9c3       0xe0 ./Application/SW4STM32/startup_stm32f756xx.o

.debug_str      0x00000000    0x93d56
 .debug_str     0x00000000    0x8e076 ./Middlewares/USB_Device_Library/usbd_cdc.o
                              0x8e454 (size before relaxing)
 .debug_str     0x0008e076      0x1ee ./Middlewares/USB_Device_Library/usbd_core.o
                              0x8e08f (size before relaxing)
 .debug_str     0x0008e264      0x169 ./Middlewares/USB_Device_Library/usbd_ctlreq.o
                              0x8e015 (size before relaxing)
 .debug_str     0x0008e3cd       0xfb ./Middlewares/USB_Device_Library/usbd_ioreq.o
                              0x8df9d (size before relaxing)
 .debug_str     0x0008e4c8      0xa35 ./Drivers/STM32F7xx_HAL_Driver/stm32f7xx_hal.o
                              0x8dbc6 (size before relaxing)
 .debug_str     0x0008eefd      0x4da ./Drivers/STM32F7xx_HAL_Driver/stm32f7xx_hal_cortex.o
                              0x8dca6 (size before relaxing)
 .debug_str     0x0008f3d7      0x2e8 ./Drivers/STM32F7xx_HAL_Driver/stm32f7xx_hal_gpio.o
                              0x8d553 (size before relaxing)
 .debug_str     0x0008f6bf      0xb2f ./Drivers/STM32F7xx_HAL_Driver/stm32f7xx_hal_i2c.o
                              0x8dcab (size before relaxing)
 .debug_str     0x000901ee       0x6d ./Drivers/STM32F7xx_HAL_Driver/stm32f7xx_hal_i2c_ex.o
                              0x8d666 (size before relaxing)
 .debug_str     0x0009025b      0x844 ./Drivers/STM32F7xx_HAL_Driver/stm32f7xx_hal_pcd.o
                              0x8d9fc (size before relaxing)
 .debug_str     0x00090a9f       0xd9 ./Drivers/STM32F7xx_HAL_Driver/stm32f7xx_hal_pcd_ex.o
                              0x8d5ad (size before relaxing)
 .debug_str     0x00090b78      0x3ef ./Drivers/STM32F7xx_HAL_Driver/stm32f7xx_hal_rcc.o
                              0x8d69d (size before relaxing)
 .debug_str     0x00090f67      0x3a8 ./Drivers/STM32F7xx_HAL_Driver/stm32f7xx_hal_rcc_ex.o
                              0x8d5fc (size before relaxing)
 .debug_str     0x0009130f      0x5db ./Drivers/STM32F7xx_HAL_Driver/stm32f7xx_ll_usb.o
                              0x8daf7 (size before relaxing)
 .debug_str     0x000918ea       0xbb ./Drivers/CMSIS/system_stm32f7xx.o
                              0x8c359 (size before relaxing)
 .debug_str     0x000919a5     0x1d49 ./Application/User/main.o
                              0x90687 (size before relaxing)
 .debug_str     0x000936ee       0x83 ./Application/User/stm32f7xx_hal_msp.o
                              0x8df20 (size before relaxing)
 .debug_str     0x00093771       0x8c ./Application/User/stm32f7xx_it.o
                              0x8d4c3 (size before relaxing)
 .debug_str     0x000937fd       0x85 ./Application/User/usb_device.o
                              0x8e23e (size before relaxing)
 .debug_str     0x00093882       0xfd ./Application/User/usbd_cdc_if.o
                              0x8e356 (size before relaxing)
 .debug_str     0x0009397f      0x144 ./Application/User/usbd_conf.o
                              0x8ed7b (size before relaxing)
 .debug_str     0x00093ac3      0x293 ./Application/User/usbd_desc.o
                              0x8de91 (size before relaxing)

.comment        0x00000000       0x6e
 .comment       0x00000000       0x6e ./Middlewares/USB_Device_Library/usbd_cdc.o
                                 0x6f (size before relaxing)
 .comment       0x0000006e       0x6f ./Middlewares/USB_Device_Library/usbd_core.o
 .comment       0x0000006e       0x6f ./Middlewares/USB_Device_Library/usbd_ctlreq.o
 .comment       0x0000006e       0x6f ./Middlewares/USB_Device_Library/usbd_ioreq.o
 .comment       0x0000006e       0x6f ./Drivers/STM32F7xx_HAL_Driver/stm32f7xx_hal.o
 .comment       0x0000006e       0x6f ./Drivers/STM32F7xx_HAL_Driver/stm32f7xx_hal_cortex.o
 .comment       0x0000006e       0x6f ./Drivers/STM32F7xx_HAL_Driver/stm32f7xx_hal_gpio.o
 .comment       0x0000006e       0x6f ./Drivers/STM32F7xx_HAL_Driver/stm32f7xx_hal_i2c.o
 .comment       0x0000006e       0x6f ./Drivers/STM32F7xx_HAL_Driver/stm32f7xx_hal_i2c_ex.o
 .comment       0x0000006e       0x6f ./Drivers/STM32F7xx_HAL_Driver/stm32f7xx_hal_pcd.o
 .comment       0x0000006e       0x6f ./Drivers/STM32F7xx_HAL_Driver/stm32f7xx_hal_pcd_ex.o
 .comment       0x0000006e       0x6f ./Drivers/STM32F7xx_HAL_Driver/stm32f7xx_hal_rcc.o
 .comment       0x0000006e       0x6f ./Drivers/STM32F7xx_HAL_Driver/stm32f7xx_hal_rcc_ex.o
 .comment       0x0000006e       0x6f ./Drivers/STM32F7xx_HAL_Driver/stm32f7xx_ll_usb.o
 .comment       0x0000006e       0x6f ./Drivers/CMSIS/system_stm32f7xx.o
 .comment       0x0000006e       0x6f ./Application/User/main.o
 .comment       0x0000006e       0x6f ./Application/User/stm32f7xx_hal_msp.o
 .comment       0x0000006e       0x6f ./Application/User/stm32f7xx_it.o
 .comment       0x0000006e       0x6f ./Application/User/usb_device.o
 .comment       0x0000006e       0x6f ./Application/User/usbd_cdc_if.o
 .comment       0x0000006e       0x6f ./Application/User/usbd_conf.o
 .comment       0x0000006e       0x6f ./Application/User/usbd_desc.o

.debug_frame    0x00000000     0x33ec
 .debug_frame   0x00000000      0x24c ./Middlewares/USB_Device_Library/usbd_cdc.o
 .debug_frame   0x0000024c      0x300 ./Middlewares/USB_Device_Library/usbd_core.o
 .debug_frame   0x0000054c      0x214 ./Middlewares/USB_Device_Library/usbd_ctlreq.o
 .debug_frame   0x00000760      0x10c ./Middlewares/USB_Device_Library/usbd_ioreq.o
 .debug_frame   0x0000086c      0x2f0 ./Drivers/STM32F7xx_HAL_Driver/stm32f7xx_hal.o
 .debug_frame   0x00000b5c      0x450 ./Drivers/STM32F7xx_HAL_Driver/stm32f7xx_hal_cortex.o
 .debug_frame   0x00000fac      0x14c ./Drivers/STM32F7xx_HAL_Driver/stm32f7xx_hal_gpio.o
 .debug_frame   0x000010f8      0x80c ./Drivers/STM32F7xx_HAL_Driver/stm32f7xx_hal_i2c.o
 .debug_frame   0x00001904       0x60 ./Drivers/STM32F7xx_HAL_Driver/stm32f7xx_hal_i2c_ex.o
 .debug_frame   0x00001964      0x508 ./Drivers/STM32F7xx_HAL_Driver/stm32f7xx_hal_pcd.o
 .debug_frame   0x00001e6c       0xd8 ./Drivers/STM32F7xx_HAL_Driver/stm32f7xx_hal_pcd_ex.o
 .debug_frame   0x00001f44      0x204 ./Drivers/STM32F7xx_HAL_Driver/stm32f7xx_hal_rcc.o
 .debug_frame   0x00002148       0x88 ./Drivers/STM32F7xx_HAL_Driver/stm32f7xx_hal_rcc_ex.o
 .debug_frame   0x000021d0      0x718 ./Drivers/STM32F7xx_HAL_Driver/stm32f7xx_ll_usb.o
 .debug_frame   0x000028e8       0x58 ./Drivers/CMSIS/system_stm32f7xx.o
 .debug_frame   0x00002940      0x168 ./Application/User/main.o
 .debug_frame   0x00002aa8       0xc4 ./Application/User/stm32f7xx_hal_msp.o
 .debug_frame   0x00002b6c       0x48 ./Application/User/stm32f7xx_it.o
 .debug_frame   0x00002bb4       0x2c ./Application/User/usb_device.o
 .debug_frame   0x00002be0      0x14c ./Application/User/usbd_cdc_if.o
 .debug_frame   0x00002d2c      0x428 ./Application/User/usbd_conf.o
 .debug_frame   0x00003154      0x13c ./Application/User/usbd_desc.o
 .debug_frame   0x00003290       0x2c c:/ac6/systemworkbench/plugins/fr.ac6.mcu.externaltools.arm-none.win32_1.7.0.201602121829/tools/compiler/bin/../lib/gcc/arm-none-eabi/5.2.1/../../../../arm-none-eabi/lib/armv7e-m/fpu/fpv5-sp-d16\libc_nano.a(lib_a-init.o)
 .debug_frame   0x000032bc       0x30 c:/ac6/systemworkbench/plugins/fr.ac6.mcu.externaltools.arm-none.win32_1.7.0.201602121829/tools/compiler/bin/../lib/gcc/arm-none-eabi/5.2.1/../../../../arm-none-eabi/lib/armv7e-m/fpu/fpv5-sp-d16\libc_nano.a(lib_a-malloc.o)
 .debug_frame   0x000032ec       0x2c c:/ac6/systemworkbench/plugins/fr.ac6.mcu.externaltools.arm-none.win32_1.7.0.201602121829/tools/compiler/bin/../lib/gcc/arm-none-eabi/5.2.1/../../../../arm-none-eabi/lib/armv7e-m/fpu/fpv5-sp-d16\libc_nano.a(lib_a-nano-freer.o)
 .debug_frame   0x00003318       0x2c c:/ac6/systemworkbench/plugins/fr.ac6.mcu.externaltools.arm-none.win32_1.7.0.201602121829/tools/compiler/bin/../lib/gcc/arm-none-eabi/5.2.1/../../../../arm-none-eabi/lib/armv7e-m/fpu/fpv5-sp-d16\libc_nano.a(lib_a-nano-mallocr.o)
 .debug_frame   0x00003344       0x2c c:/ac6/systemworkbench/plugins/fr.ac6.mcu.externaltools.arm-none.win32_1.7.0.201602121829/tools/compiler/bin/../lib/gcc/arm-none-eabi/5.2.1/../../../../arm-none-eabi/lib/armv7e-m/fpu/fpv5-sp-d16\libc_nano.a(lib_a-sbrkr.o)
 .debug_frame   0x00003370       0x5c c:/ac6/systemworkbench/plugins/fr.ac6.mcu.externaltools.arm-none.win32_1.7.0.201602121829/tools/compiler/bin/../lib/gcc/arm-none-eabi/5.2.1/../../../../arm-none-eabi/lib/armv7e-m/fpu/fpv5-sp-d16\libc_nano.a(lib_a-reent.o)
 .debug_frame   0x000033cc       0x20 c:/ac6/systemworkbench/plugins/fr.ac6.mcu.externaltools.arm-none.win32_1.7.0.201602121829/tools/compiler/bin/../lib/gcc/arm-none-eabi/5.2.1/../../../../arm-none-eabi/lib/armv7e-m/fpu/fpv5-sp-d16\libnosys.a(sbrk.o)
